******************************************************************************
                  TI ARM Linker PC v18.1.1                     
******************************************************************************
>> Linked Fri May 11 17:16:59 2018

OUTPUT FILE NAME:   <uart_echo_rgb.out>
ENTRY POINT SYMBOL: "_c_int00_noargs"  address: 0000041d


MEMORY CONFIGURATION

         name            origin    length      used     unused   attr    fill
----------------------  --------  ---------  --------  --------  ----  --------
  MAIN                  00000000   00040000  000005a8  0003fa58  R  X
  INFO                  00200000   00004000  00000000  00004000  R  X
  SRAM_CODE             01000000   00010000  00000201  0000fdff  RW X
  SRAM_DATA             20000000   00010000  00000201  0000fdff  RW  


SEGMENT ALLOCATION MAP

run origin  load origin   length   init length attrs members
----------  ----------- ---------- ----------- ----- -------
00000000    00000000    000005a8   000005a8    r-x
  00000000    00000000    000000e4   000000e4    r-- .intvecs
  000000e4    000000e4    00000458   00000458    r-x .text
  0000053c    0000053c    00000054   00000054    r-- .const
  00000590    00000590    00000018   00000018    r-- .cinit
20000000    20000000    00000001   00000000    rw-
  20000000    20000000    00000001   00000000    rw- .data
2000fe00    2000fe00    00000200   00000000    rw-
  2000fe00    2000fe00    00000200   00000000    rw- .stack


SECTION ALLOCATION MAP

 output                                  attributes/
section   page    origin      length       input sections
--------  ----  ----------  ----------   ----------------
.intvecs   0    00000000    000000e4     
                  00000000    000000e4     startup_msp432p401r_ccs.obj (.intvecs:retain)

.text      0    000000e4    00000458     
                  000000e4    000000cc     uart_pc_echo_12mhz_brclk.obj (.text:main)
                  000001b0    0000009c     rtsv7M4_T_le_v4SPD16_eabi.lib : memcpy_t2.asm.obj (.text)
                  0000024c    00000078     system_msp432p401r.obj (.text:SystemInit)
                  000002c4    0000006c     uart_pc_echo_12mhz_brclk.obj (.text:RGB)
                  00000330    00000068     rtsv7M4_T_le_v4SPD16_eabi.lib : copy_decompress_lzss.c.obj (.text:decompress:lzss:__TI_decompress_lzss)
                  00000398    00000044                                   : autoinit.c.obj (.text:__TI_auto_init_nobinit_nopinit:__TI_auto_init_nobinit_nopinit)
                  000003dc    00000040     uart_pc_echo_12mhz_brclk.obj (.text:EUSCIA0_IRQHandler)
                  0000041c    00000038     rtsv7M4_T_le_v4SPD16_eabi.lib : boot_cortex_m.c.obj (.text:_c_int00_noargs:_c_int00_noargs)
                  00000454    00000024     msp432p4xx_driverlib.lib : cs_MSP432P4XX.obj (.text:CS_setDCOCenteredFrequency)
                  00000478    00000024                              : gpio_MSP432P4XX.obj (.text:GPIO_setAsOutputPin)
                  0000049c    00000024                              : uart_MSP432P4XX.obj (.text:UART_transmitData)
                  000004c0    00000018                              : gpio_MSP432P4XX.obj (.text:GPIO_setOutputLowOnPin)
                  000004d8    00000018                              : wdt_a_MSP432P4XX.obj (.text:WDT_A_holdTimer)
                  000004f0    00000014                              : gpio_MSP432P4XX.obj (.text:GPIO_setOutputHighOnPin)
                  00000504    00000014                              : gpio_MSP432P4XX.obj (.text:GPIO_toggleOutputOnPin)
                  00000518    0000000e     rtsv7M4_T_le_v4SPD16_eabi.lib : copy_decompress_none.c.obj (.text:decompress:none:__TI_decompress_none)
                  00000526    0000000c     startup_msp432p401r_ccs.obj (.text:Reset_Handler)
                  00000532    00000004     rtsv7M4_T_le_v4SPD16_eabi.lib : pre_init.c.obj (.text:_system_pre_init)
                  00000536    00000004                                   : exit.c.obj (.text:abort:abort)
                  0000053a    00000002     startup_msp432p401r_ccs.obj (.text:Default_Handler)

.const     0    0000053c    00000054     
                  0000053c    00000030     msp432p4xx_driverlib.lib : gpio_MSP432P4XX.obj (.const:GPIO_PORT_TO_BASE)
                  0000056c    00000024     uart_pc_echo_12mhz_brclk.obj (.const:uartConfig)

.cinit     0    00000590    00000018     
                  00000590    00000008     (__TI_handler_table)
                  00000598    00000005     (.cinit..data.load) [load image, compression = lzss]
                  0000059d    00000003     --HOLE-- [fill = 0]
                  000005a0    00000008     (__TI_cinit_table)

.init_array 
*          0    00000000    00000000     UNINITIALIZED

.binit     0    00000000    00000000     

.data      0    20000000    00000001     UNINITIALIZED
                  20000000    00000001     uart_pc_echo_12mhz_brclk.obj (.data)

.stack     0    2000fe00    00000200     UNINITIALIZED
                  2000fe00    00000004     rtsv7M4_T_le_v4SPD16_eabi.lib : boot_cortex_m.c.obj (.stack)
                  2000fe04    000001fc     --HOLE--

MODULE SUMMARY

       Module                         code   ro data   rw data
       ------                         ----   -------   -------
    .\
       uart_pc_echo_12mhz_brclk.obj   376    36        2      
       system_msp432p401r.obj         120    0         0      
    +--+------------------------------+------+---------+---------+
       Total:                         496    36        2      
                                                              
    .\ccs\
       startup_msp432p401r_ccs.obj    14     228       0      
    +--+------------------------------+------+---------+---------+
       Total:                         14     228       0      
                                                              
    C:/ti/simplelink_msp432p4_sdk_2_10_00_14/source/ti/devices/msp432p4xx/driverlib/ccs/msp432p4xx_driverlib.lib
       gpio_MSP432P4XX.obj            100    48        0      
       cs_MSP432P4XX.obj              36     0         0      
       uart_MSP432P4XX.obj            36     0         0      
       wdt_a_MSP432P4XX.obj           24     0         0      
    +--+------------------------------+------+---------+---------+
       Total:                         196    48        0      
                                                              
    C:\ti\ccsv8\tools\compiler\ti-cgt-arm_18.1.1.LTS\lib\rtsv7M4_T_le_v4SPD16_eabi.lib
       memcpy_t2.asm.obj              156    0         0      
       copy_decompress_lzss.c.obj     104    0         0      
       autoinit.c.obj                 68     0         0      
       boot_cortex_m.c.obj            56     0         0      
       copy_decompress_none.c.obj     14     0         0      
       exit.c.obj                     4      0         0      
       pre_init.c.obj                 4      0         0      
    +--+------------------------------+------+---------+---------+
       Total:                         406    0         0      
                                                              
       Stack:                         0      0         1024   
       Linker Generated:              0      21        0      
    +--+------------------------------+------+---------+---------+
       Grand Total:                   1112   333       1026   


LINKER GENERATED COPY TABLES

__TI_cinit_table @ 000005a0 records: 1, size/record: 8, table size: 8
	.data: load addr=00000598, load size=00000005 bytes, run addr=20000000, run size=00000001 bytes, compression=lzss


LINKER GENERATED HANDLER TABLE

__TI_handler_table @ 00000590 records: 2, size/record: 4, table size: 8
	index: 0, handler: __TI_decompress_lzss
	index: 1, handler: __TI_decompress_none


GLOBAL SYMBOLS: SORTED ALPHABETICALLY BY Name 

address   name                          
-------   ----                          
0000053b  ADC14_IRQHandler              
0000053b  AES256_IRQHandler             
0000053b  BusFault_Handler              
00000537  C$$EXIT                       
0000053b  COMP_E0_IRQHandler            
0000053b  COMP_E1_IRQHandler            
0000053b  CS_IRQHandler                 
00000455  CS_setDCOCenteredFrequency    
0000053b  DMA_ERR_IRQHandler            
0000053b  DMA_INT0_IRQHandler           
0000053b  DMA_INT1_IRQHandler           
0000053b  DMA_INT2_IRQHandler           
0000053b  DMA_INT3_IRQHandler           
0000053b  DebugMon_Handler              
0000053b  Default_Handler               
000003dd  EUSCIA0_IRQHandler            
000003dd  EUSCIA0_IRQHandler            
0000053b  EUSCIA1_IRQHandler            
0000053b  EUSCIA2_IRQHandler            
0000053b  EUSCIA3_IRQHandler            
0000053b  EUSCIB0_IRQHandler            
0000053b  EUSCIB1_IRQHandler            
0000053b  EUSCIB2_IRQHandler            
0000053b  EUSCIB3_IRQHandler            
0000053b  FLCTL_IRQHandler              
0000053b  FPU_IRQHandler                
00000479  GPIO_setAsOutputPin           
000004f1  GPIO_setOutputHighOnPin       
000004c1  GPIO_setOutputLowOnPin        
00000505  GPIO_toggleOutputOnPin        
0000053b  HardFault_Handler             
0000053b  MemManage_Handler             
0000053b  NMI_Handler                   
0000053b  PCM_IRQHandler                
0000053b  PORT1_IRQHandler              
0000053b  PORT2_IRQHandler              
0000053b  PORT3_IRQHandler              
0000053b  PORT4_IRQHandler              
0000053b  PORT5_IRQHandler              
0000053b  PORT6_IRQHandler              
0000053b  PSS_IRQHandler                
0000053b  PendSV_Handler                
000002c5  RGB                           
0000053b  RTC_C_IRQHandler              
00000527  Reset_Handler                 
0000053b  SVC_Handler                   
0000053b  SysTick_Handler               
0000024d  SystemInit                    
0000053b  T32_INT1_IRQHandler           
0000053b  T32_INT2_IRQHandler           
0000053b  T32_INTC_IRQHandler           
0000053b  TA0_0_IRQHandler              
0000053b  TA0_N_IRQHandler              
0000053b  TA1_0_IRQHandler              
0000053b  TA1_N_IRQHandler              
0000053b  TA2_0_IRQHandler              
0000053b  TA2_N_IRQHandler              
0000053b  TA3_0_IRQHandler              
0000053b  TA3_N_IRQHandler              
0000049d  UART_transmitData             
0000053b  UsageFault_Handler            
4000480c  WDTCTL_SYM                    
0000053b  WDT_A_IRQHandler              
000004d9  WDT_A_holdTimer               
20010000  __STACK_END                   
00000200  __STACK_SIZE                  
000005a0  __TI_CINIT_Base               
000005a8  __TI_CINIT_Limit              
00000590  __TI_Handler_Table_Base       
00000598  __TI_Handler_Table_Limit      
00000399  __TI_auto_init_nobinit_nopinit
00000331  __TI_decompress_lzss          
00000519  __TI_decompress_none          
ffffffff  __TI_pprof_out_hndl           
ffffffff  __TI_prof_data_size           
ffffffff  __TI_prof_data_start          
00000000  __TI_static_base__            
000001b1  __aeabi_memcpy                
000001b1  __aeabi_memcpy4               
000001b1  __aeabi_memcpy8               
ffffffff  __binit__                     
ffffffff  __c_args__                    
UNDEFED   __mpu_init                    
2000fe00  __stack                       
0000041d  _c_int00_noargs               
UNDEFED   _system_post_cinit            
00000533  _system_pre_init              
00000537  abort                         
ffffffff  binit                         
20000000  color                         
00000000  interruptVectors              
000000e5  main                          
000001b1  memcpy                        
0000056c  uartConfig                    


GLOBAL SYMBOLS: SORTED BY Symbol Address 

address   name                          
-------   ----                          
00000000  __TI_static_base__            
00000000  interruptVectors              
000000e5  main                          
000001b1  __aeabi_memcpy                
000001b1  __aeabi_memcpy4               
000001b1  __aeabi_memcpy8               
000001b1  memcpy                        
00000200  __STACK_SIZE                  
0000024d  SystemInit                    
000002c5  RGB                           
00000331  __TI_decompress_lzss          
00000399  __TI_auto_init_nobinit_nopinit
000003dd  EUSCIA0_IRQHandler            
000003dd  EUSCIA0_IRQHandler            
0000041d  _c_int00_noargs               
00000455  CS_setDCOCenteredFrequency    
00000479  GPIO_setAsOutputPin           
0000049d  UART_transmitData             
000004c1  GPIO_setOutputLowOnPin        
000004d9  WDT_A_holdTimer               
000004f1  GPIO_setOutputHighOnPin       
00000505  GPIO_toggleOutputOnPin        
00000519  __TI_decompress_none          
00000527  Reset_Handler                 
00000533  _system_pre_init              
00000537  C$$EXIT                       
00000537  abort                         
0000053b  ADC14_IRQHandler              
0000053b  AES256_IRQHandler             
0000053b  BusFault_Handler              
0000053b  COMP_E0_IRQHandler            
0000053b  COMP_E1_IRQHandler            
0000053b  CS_IRQHandler                 
0000053b  DMA_ERR_IRQHandler            
0000053b  DMA_INT0_IRQHandler           
0000053b  DMA_INT1_IRQHandler           
0000053b  DMA_INT2_IRQHandler           
0000053b  DMA_INT3_IRQHandler           
0000053b  DebugMon_Handler              
0000053b  Default_Handler               
0000053b  EUSCIA1_IRQHandler            
0000053b  EUSCIA2_IRQHandler            
0000053b  EUSCIA3_IRQHandler            
0000053b  EUSCIB0_IRQHandler            
0000053b  EUSCIB1_IRQHandler            
0000053b  EUSCIB2_IRQHandler            
0000053b  EUSCIB3_IRQHandler            
0000053b  FLCTL_IRQHandler              
0000053b  FPU_IRQHandler                
0000053b  HardFault_Handler             
0000053b  MemManage_Handler             
0000053b  NMI_Handler                   
0000053b  PCM_IRQHandler                
0000053b  PORT1_IRQHandler              
0000053b  PORT2_IRQHandler              
0000053b  PORT3_IRQHandler              
0000053b  PORT4_IRQHandler              
0000053b  PORT5_IRQHandler              
0000053b  PORT6_IRQHandler              
0000053b  PSS_IRQHandler                
0000053b  PendSV_Handler                
0000053b  RTC_C_IRQHandler              
0000053b  SVC_Handler                   
0000053b  SysTick_Handler               
0000053b  T32_INT1_IRQHandler           
0000053b  T32_INT2_IRQHandler           
0000053b  T32_INTC_IRQHandler           
0000053b  TA0_0_IRQHandler              
0000053b  TA0_N_IRQHandler              
0000053b  TA1_0_IRQHandler              
0000053b  TA1_N_IRQHandler              
0000053b  TA2_0_IRQHandler              
0000053b  TA2_N_IRQHandler              
0000053b  TA3_0_IRQHandler              
0000053b  TA3_N_IRQHandler              
0000053b  UsageFault_Handler            
0000053b  WDT_A_IRQHandler              
0000056c  uartConfig                    
00000590  __TI_Handler_Table_Base       
00000598  __TI_Handler_Table_Limit      
000005a0  __TI_CINIT_Base               
000005a8  __TI_CINIT_Limit              
20000000  color                         
2000fe00  __stack                       
20010000  __STACK_END                   
4000480c  WDTCTL_SYM                    
ffffffff  __TI_pprof_out_hndl           
ffffffff  __TI_prof_data_size           
ffffffff  __TI_prof_data_start          
ffffffff  __binit__                     
ffffffff  __c_args__                    
ffffffff  binit                         
UNDEFED   __mpu_init                    
UNDEFED   _system_post_cinit            

[94 symbols]
