******************************************************************************
                  TI ARM Linker PC v18.1.1                     
******************************************************************************
>> Linked Mon Jun 18 18:10:18 2018

OUTPUT FILE NAME:   <uart_FFT_csv.out>
ENTRY POINT SYMBOL: "_c_int00_noargs"  address: 00005a3d


MEMORY CONFIGURATION

         name            origin    length      used     unused   attr    fill
----------------------  --------  ---------  --------  --------  ----  --------
  MAIN                  00000000   00040000  00006258  00039da8  R  X
  INFO                  00200000   00004000  00000000  00004000  R  X
  SRAM_CODE             01000000   00010000  00000fbd  0000f043  RW X
  SRAM_DATA             20000000   00010000  00000fbd  0000f043  RW  


SEGMENT ALLOCATION MAP

run origin  load origin   length   init length attrs members
----------  ----------- ---------- ----------- ----- -------
00000000    00000000    00006260   00006260    r-x
  00000000    00000000    000000e4   000000e4    r-- .intvecs
  000000e8    000000e8    00005cdc   00005cdc    r-x .text
  00005dc8    00005dc8    00000400   00000400    r-- .const
  000061c8    000061c8    00000098   00000098    r-- .cinit
20000000    20000000    00000dc0   00000000    rw-
  20000000    20000000    00000800   00000000    rw- .sysmem
  20000800    20000800    000003cd   00000000    rw- .bss
  20000bd0    20000bd0    000001f0   00000000    rw- .data
2000fe00    2000fe00    00000200   00000000    rw-
  2000fe00    2000fe00    00000200   00000000    rw- .stack


SECTION ALLOCATION MAP

 output                                  attributes/
section   page    origin      length       input sections
--------  ----  ----------  ----------   ----------------
.intvecs   0    00000000    000000e4     
                  00000000    000000e4     startup_msp432p401r_ccs.obj (.intvecs:retain)

.text      0    000000e8    00005cdc     
                  000000e8    00000a5e     rtsv7M4_T_le_v4SPD16_eabi.lib : _printfi.c.obj (.text:__TI_printfi)
                  00000b46    00000002     startup_msp432p401r_ccs.obj (.text:Default_Handler)
                  00000b48    00000738     rtsv7M4_T_le_v4SPD16_eabi.lib : k_rem_pio2.c.obj (.text:__kernel_rem_pio2)
                  00001280    00000624     kiss_fft.obj (.text:kf_bfly5)
                  000018a4    000005dc     rtsv7M4_T_le_v4SPD16_eabi.lib : s_cos.c.obj (.text:cos)
                  00001e80    000005c4                                   : s_sin.c.obj (.text:sin)
                  00002444    000003be     kiss_fft.obj (.text:kf_bfly4)
                  00002802    000002dc     kiss_fft.obj (.text:kf_bfly3)
                  00002ade    00000002     rtsv7M4_T_le_v4SPD16_eabi.lib : _lock.c.obj (.text:_nop)
                  00002ae0    00000270                                   : _printfi.c.obj (.text:_pconv_a)
                  00002d50    0000026c     kiss_fftr.obj (.text:kiss_fftr)
                  00002fbc    000001e4     uart_FFT_kissFFT.obj (.text:main)
                  000031a0    000001e0     kiss_fftr.obj (.text:kiss_fftr_alloc)
                  00003380    000001d6     kiss_fft.obj (.text:kf_bfly_generic)
                  00003556    00000002     rtsv7M4_T_le_v4SPD16_eabi.lib : div0.asm.obj (.text)
                  00003558    000001d0                                   : _printfi.c.obj (.text:_pconv_g)
                  00003728    000001b6                                   : fd_add_t2.asm.obj (.text)
                  000038de    00000002     --HOLE-- [fill = 0]
                  000038e0    0000018c     kiss_fft.obj (.text:kiss_fft_alloc)
                  00003a6c    00000174     rtsv7M4_T_le_v4SPD16_eabi.lib : k_sin.c.obj (.text:__kernel_sin)
                  00003be0    0000016c                                   : k_cos.c.obj (.text:__kernel_cos)
                  00003d4c    00000158                                   : e_sqrt.c.obj (.text:sqrt)
                  00003ea4    0000013c                                   : _printfi.c.obj (.text:_pconv_e)
                  00003fe0    00000136                                   : fd_div_t2.asm.obj (.text)
                  00004116    00000002     --HOLE-- [fill = 0]
                  00004118    00000120                                   : _printfi.c.obj (.text:fcvt)
                  00004238    00000120     kiss_fft.obj (.text:kf_bfly2)
                  00004358    00000114     rtsv7M4_T_le_v4SPD16_eabi.lib : fputs.c.obj (.text:fputs)
                  0000446c    00000110                                   : s_scalbn.c.obj (.text:scalbn)
                  0000457c    000000fc     kiss_fft.obj (.text:kf_work)
                  00004678    000000fc     rtsv7M4_T_le_v4SPD16_eabi.lib : fd_mul_t2.asm.obj (.text)
                  00004774    000000f8                                   : s_floor.c.obj (.text:floor)
                  0000486c    000000dc                                   : setvbuf.c.obj (.text:setvbuf)
                  00004948    000000d8     QmathLib_CCS_MSP432.lib : _QNsqrt.obj (.text:_Qmag)
                  00004a20    000000d8     rtsv7M4_T_le_v4SPD16_eabi.lib : memory.c.obj (.text:free)
                  00004af8    000000b1                                   : _printfi.c.obj (.text:_ltostr)
                  00004ba9    00000001     --HOLE-- [fill = 0]
                  00004baa    0000009c     kiss_fft.obj (.text:kf_factor)
                  00004c46    0000009c     rtsv7M4_T_le_v4SPD16_eabi.lib : memcpy_t2.asm.obj (.text)
                  00004ce2    00000096                                   : ull_div_t2.asm.obj (.text)
                  00004d78    0000008c                                   : fputc.c.obj (.text:fputc)
                  00004e04    00000086                                   : fd_cmp_t2.asm.obj (.text:__aeabi_cdcmple)
                  00004e8a    00000086                                   : fd_cmp_t2.asm.obj (.text:__aeabi_cdrcmple)
                  00004f10    0000007a                                   : memset_t2.asm.obj (.text)
                  00004f8a    00000002     --HOLE-- [fill = 0]
                  00004f8c    00000078     system_msp432p401r.obj (.text:SystemInit)
                  00005004    00000078     rtsv7M4_T_le_v4SPD16_eabi.lib : memory.c.obj (.text:malloc)
                  0000507c    00000074                                   : fclose.c.obj (.text:__TI_closefile)
                  000050f0    0000006e                                   : _printfi.c.obj (.text:_mcpy)
                  0000515e    00000002     --HOLE-- [fill = 0]
                  00005160    00000068                                   : hostlseek.c.obj (.text:HOSTlseek)
                  000051c8    00000068                                   : hostrename.c.obj (.text:HOSTrename)
                  00005230    00000068                                   : copy_decompress_lzss.c.obj (.text:decompress:lzss:__TI_decompress_lzss)
                  00005298    00000068     kiss_fft.obj (.text:kiss_fft_stride)
                  00005300    00000064     rtsv7M4_T_le_v4SPD16_eabi.lib : fprintf.c.obj (.text:fprintf)
                  00005364    00000064                                   : s_frexp.c.obj (.text:frexp)
                  000053c8    00000064                                   : fseek.c.obj (.text:fseek)
                  0000542c    00000062                                   : _io_perm.c.obj (.text:__TI_wrt_ok)
                  0000548e    00000002     --HOLE-- [fill = 0]
                  00005490    00000060                                   : hostopen.c.obj (.text:HOSTopen)
                  000054f0    0000005c                                   : close.c.obj (.text:close)
                  0000554c    00000058     uart_FFT_kissFFT.obj (.text:EUSCIA0_IRQHandler)
                  000055a4    00000058     rtsv7M4_T_le_v4SPD16_eabi.lib : hostread.c.obj (.text:HOSTread)
                  000055fc    00000058                                   : hostwrite.c.obj (.text:HOSTwrite)
                  00005654    00000056                                   : _printfi.c.obj (.text:_pconv_f)
                  000056aa    00000054                                   : ltoa.c.obj (.text:ltoa)
                  000056fe    00000052                                   : _printfi.c.obj (.text:_ecpy)
                  00005750    0000004c                                   : fflush.c.obj (.text:__TI_doflush)
                  0000579c    0000004c                                   : atoi.c.obj (.text:atoi)
                  000057e8    00000048                                   : exit.c.obj (.text:exit)
                  00005830    00000048                                   : fd_toi_t2.asm.obj (.text)
                  00005878    00000044                                   : hostclose.c.obj (.text:HOSTclose)
                  000058bc    00000044                                   : hostunlink.c.obj (.text:HOSTunlink)
                  00005900    00000044                                   : autoinit.c.obj (.text:__TI_auto_init_nobinit_nopinit:__TI_auto_init_nobinit_nopinit)
                  00005944    00000044                                   : getdevice.c.obj (.text:getdevice)
                  00005988    0000003e                                   : _printfi.c.obj (.text:_fcpy)
                  000059c6    00000002     --HOLE-- [fill = 0]
                  000059c8    0000003c                                   : memory.c.obj (.text:minsert)
                  00005a04    00000038                                   : trgmsg.c.obj (.text:__TI_writemsg)
                  00005a3c    00000038                                   : boot_cortex_m.c.obj (.text:_c_int00_noargs:_c_int00_noargs)
                  00005a74    00000038                                   : memory.c.obj (.text:minit)
                  00005aac    00000036                                   : strncpy.c.obj (.text:strncpy)
                  00005ae2    00000002     --HOLE-- [fill = 0]
                  00005ae4    00000034                                   : fopen.c.obj (.text:__TI_cleanup)
                  00005b18    00000034                                   : trgmsg.c.obj (.text:__TI_readmsg)
                  00005b4c    00000030                                   : getdevice.c.obj (.text:finddevice)
                  00005b7c    0000002e                                   : i_tofd_t2.asm.obj (.text)
                  00005baa    00000002     --HOLE-- [fill = 0]
                  00005bac    0000002c                                   : unlink.c.obj (.text:unlink)
                  00005bd8    00000028                                   : lseek.c.obj (.text:lseek)
                  00005c00    00000028                                   : memory.c.obj (.text:mremove)
                  00005c28    00000028                                   : write.c.obj (.text:write)
                  00005c50    00000024     msp432p4xx_driverlib.lib : cs_MSP432P4XX.obj (.text:CS_setDCOCenteredFrequency)
                  00005c74    00000024                              : uart_MSP432P4XX.obj (.text:UART_transmitData)
                  00005c98    00000020     rtsv7M4_T_le_v4SPD16_eabi.lib : memchr.c.obj (.text:memchr)
                  00005cb8    0000001c                                   : memccpy.c.obj (.text:memccpy)
                  00005cd4    00000018     msp432p4xx_driverlib.lib : wdt_a_MSP432P4XX.obj (.text:WDT_A_holdTimer)
                  00005cec    00000018     rtsv7M4_T_le_v4SPD16_eabi.lib : strcmp.c.obj (.text:strcmp)
                  00005d04    00000016     kiss_fft.obj (.text:kiss_fft)
                  00005d1a    00000016     rtsv7M4_T_le_v4SPD16_eabi.lib : strchr.c.obj (.text:strchr)
                  00005d30    00000014                                   : s_copysign.c.obj (.text:copysign)
                  00005d44    00000014                                   : strcpy.c.obj (.text:strcpy)
                  00005d58    00000014                                   : strlen.c.obj (.text:strlen)
                  00005d6c    00000012                                   : copy_zero_init.c.obj (.text:decompress:ZI:__TI_zero_init_nomemset:__TI_zero_init_nomemset)
                  00005d7e    00000012                                   : wcslen.c.obj (.text:wcslen)
                  00005d90    0000000e                                   : copy_decompress_none.c.obj (.text:decompress:none:__TI_decompress_none)
                  00005d9e    0000000c     startup_msp432p401r_ccs.obj (.text:Reset_Handler)
                  00005daa    00000002     --HOLE-- [fill = 0]
                  00005dac    00000008     rtsv7M4_T_le_v4SPD16_eabi.lib : errno.c.obj (.text:__aeabi_errno_addr)
                  00005db4    00000004                                   : fprintf.c.obj (.text:_outc)
                  00005db8    00000004                                   : fprintf.c.obj (.text:_outs)
                  00005dbc    00000004                                   : pre_init.c.obj (.text:_system_pre_init)
                  00005dc0    00000004                                   : exit.c.obj (.text:abort:abort)

.const     0    00005dc8    00000400     
                  00005dc8    00000180     QmathLib_CCS_MSP432.lib : _QNtables.obj (.const:_Q16sqrt_coeffs)
                  00005f48    00000158     rtsv7M4_T_le_v4SPD16_eabi.lib : k_rem_pio2.c.obj (.const:$O1$$)
                  000060a0    00000101                                   : ctype.c.obj (.const:.string:_ctypes_)
                  000061a1    00000003     --HOLE-- [fill = 0]
                  000061a4    00000024     uart_FFT_kissFFT.obj (.const:uartConfig)

.cinit     0    000061c8    00000098     
                  000061c8    00000070     (.cinit..data.load) [load image, compression = lzss]
                  00006238    0000000c     (__TI_handler_table)
                  00006244    00000004     --HOLE-- [fill = 0]
                  00006248    00000008     (.cinit..bss.load) [load image, compression = zero_init]
                  00006250    00000010     (__TI_cinit_table)

.init_array 
*          0    00000000    00000000     UNINITIALIZED

.binit     0    00000000    00000000     

.sysmem    0    20000000    00000800     UNINITIALIZED
                  20000000    00000008     rtsv7M4_T_le_v4SPD16_eabi.lib : memory.c.obj (.sysmem)
                  20000008    000007f8     --HOLE--

.bss       0    20000800    000003cd     UNINITIALIZED
                  20000800    00000200     (.common:qInput)
                  20000a00    00000120     rtsv7M4_T_le_v4SPD16_eabi.lib : trgmsg.c.obj (.bss:_CIOBUF_)
                  20000b20    000000a0     (.common:__TI_tmpnams)
                  20000bc0    00000008     (.common:parmbuf)
                  20000bc8    00000004     (.common:information_bytes)
                  20000bcc    00000001     (.common:msg)

.data      0    20000bd0    000001f0     UNINITIALIZED
                  20000bd0    000000f0     rtsv7M4_T_le_v4SPD16_eabi.lib : defs.c.obj (.data:_ftable)
                  20000cc0    00000078                                   : write.c.obj (.data:_device)
                  20000d38    00000050                                   : write.c.obj (.data:_stream)
                  20000d88    00000010                                   : defs.c.obj (.data)
                  20000d98    0000000c                                   : exit.c.obj (.data:$O1$$)
                  20000da4    0000000c                                   : memory.c.obj (.data:$O1$$)
                  20000db0    00000008                                   : _lock.c.obj (.data:$O1$$)
                  20000db8    00000004                                   : errno.c.obj (.data)
                  20000dbc    00000004     uart_FFT_kissFFT.obj (.data)

.stack     0    2000fe00    00000200     UNINITIALIZED
                  2000fe00    00000004     rtsv7M4_T_le_v4SPD16_eabi.lib : boot_cortex_m.c.obj (.stack)
                  2000fe04    000001fc     --HOLE--

MODULE SUMMARY

       Module                        code    ro data   rw data
       ------                        ----    -------   -------
    .\
       uart_FFT_kissFFT.obj          572     36        1042   
       system_msp432p401r.obj        120     0         0      
    +--+-----------------------------+-------+---------+---------+
       Total:                        692     36        1042   
                                                              
    .\ccs\
       startup_msp432p401r_ccs.obj   14      228       0      
    +--+-----------------------------+-------+---------+---------+
       Total:                        14      228       0      
                                                              
    .\kissFFT\
       kiss_fft.obj                  4950    0         0      
       kiss_fftr.obj                 1100    0         0      
    +--+-----------------------------+-------+---------+---------+
       Total:                        6050    0         0      
                                                              
    C:/ti/simplelink_msp432p4_sdk_2_10_00_14/source/ti/devices/msp432p4xx/driverlib/ccs/msp432p4xx_driverlib.lib
       cs_MSP432P4XX.obj             36      0         0      
       uart_MSP432P4XX.obj           36      0         0      
       wdt_a_MSP432P4XX.obj          24      0         0      
    +--+-----------------------------+-------+---------+---------+
       Total:                        96      0         0      
                                                              
    C:/ti/simplelink_msp432p4_sdk_2_10_00_14/source/ti/iqmathlib/ccs/QmathLib_CCS_MSP432.lib
       _QNtables.obj                 0       384       0      
       _QNsqrt.obj                   216     0         0      
    +--+-----------------------------+-------+---------+---------+
       Total:                        216     384       0      
                                                              
    C:\ti\ccsv8\tools\compiler\ti-cgt-arm_18.1.1.LTS\lib\rtsv7M4_T_le_v4SPD16_eabi.lib
       _printfi.c.obj                4863    0         0      
       k_rem_pio2.c.obj              1848    344       0      
       s_cos.c.obj                   1500    0         0      
       s_sin.c.obj                   1476    0         0      
       defs.c.obj                    0       0         832    
       trgmsg.c.obj                  108     0         576    
       memory.c.obj                  492     0         24     
       write.c.obj                   40      0         400    
       fd_add_t2.asm.obj             438     0         0      
       k_sin.c.obj                   372     0         0      
       k_cos.c.obj                   364     0         0      
       e_sqrt.c.obj                  344     0         0      
       fd_div_t2.asm.obj             310     0         0      
       fputs.c.obj                   276     0         0      
       s_scalbn.c.obj                272     0         0      
       fd_cmp_t2.asm.obj             268     0         0      
       ctype.c.obj                   0       257       0      
       fd_mul_t2.asm.obj             252     0         0      
       s_floor.c.obj                 248     0         0      
       setvbuf.c.obj                 220     0         0      
       memcpy_t2.asm.obj             156     0         0      
       ull_div_t2.asm.obj            150     0         0      
       fputc.c.obj                   140     0         0      
       memset_t2.asm.obj             122     0         0      
       fclose.c.obj                  116     0         0      
       getdevice.c.obj               116     0         0      
       hostopen.c.obj                96      0         16     
       fprintf.c.obj                 108     0         0      
       copy_decompress_lzss.c.obj    104     0         0      
       hostlseek.c.obj               104     0         0      
       hostrename.c.obj              104     0         0      
       exit.c.obj                    76      0         24     
       fseek.c.obj                   100     0         0      
       s_frexp.c.obj                 100     0         0      
       _io_perm.c.obj                98      0         0      
       close.c.obj                   92      0         0      
       hostread.c.obj                88      0         0      
       hostwrite.c.obj               88      0         0      
       ltoa.c.obj                    84      0         0      
       atoi.c.obj                    76      0         0      
       fflush.c.obj                  76      0         0      
       fd_toi_t2.asm.obj             72      0         0      
       autoinit.c.obj                68      0         0      
       hostclose.c.obj               68      0         0      
       hostunlink.c.obj              68      0         0      
       boot_cortex_m.c.obj           56      0         0      
       strncpy.c.obj                 54      0         0      
       fopen.c.obj                   52      0         0      
       i_tofd_t2.asm.obj             46      0         0      
       unlink.c.obj                  44      0         0      
       lseek.c.obj                   40      0         0      
       memchr.c.obj                  32      0         0      
       memccpy.c.obj                 28      0         0      
       strcmp.c.obj                  24      0         0      
       strchr.c.obj                  22      0         0      
       s_copysign.c.obj              20      0         0      
       strcpy.c.obj                  20      0         0      
       strlen.c.obj                  20      0         0      
       _lock.c.obj                   2       0         16     
       copy_zero_init.c.obj          18      0         0      
       wcslen.c.obj                  18      0         0      
       errno.c.obj                   8       0         8      
       copy_decompress_none.c.obj    14      0         0      
       pre_init.c.obj                4       0         0      
       div0.asm.obj                  2       0         0      
    +--+-----------------------------+-------+---------+---------+
       Total:                        16685   601       1896   
                                                              
       Heap:                         0       0         4096   
       Stack:                        0       0         1024   
       Linker Generated:             0       148       0      
    +--+-----------------------------+-------+---------+---------+
       Grand Total:                  23753   1397      8058   


LINKER GENERATED COPY TABLES

__TI_cinit_table @ 00006250 records: 2, size/record: 8, table size: 16
	.data: load addr=000061c8, load size=00000070 bytes, run addr=20000bd0, run size=000001f0 bytes, compression=lzss
	.bss: load addr=00006248, load size=00000008 bytes, run addr=20000800, run size=000003cd bytes, compression=zero_init


LINKER GENERATED HANDLER TABLE

__TI_handler_table @ 00006238 records: 3, size/record: 4, table size: 12
	index: 0, handler: __TI_decompress_lzss
	index: 1, handler: __TI_decompress_none
	index: 2, handler: __TI_zero_init


GLOBAL SYMBOLS: SORTED ALPHABETICALLY BY Name 

address   name                           
-------   ----                           
00000b47  ADC14_IRQHandler               
00000b47  AES256_IRQHandler              
00000b47  BusFault_Handler               
00005dc1  C$$EXIT                        
00005a33  C$$IO$$                        
00000b47  COMP_E0_IRQHandler             
00000b47  COMP_E1_IRQHandler             
00000b47  CS_IRQHandler                  
00005c51  CS_setDCOCenteredFrequency     
00000b47  DMA_ERR_IRQHandler             
00000b47  DMA_INT0_IRQHandler            
00000b47  DMA_INT1_IRQHandler            
00000b47  DMA_INT2_IRQHandler            
00000b47  DMA_INT3_IRQHandler            
00000b47  DebugMon_Handler               
00000b47  Default_Handler                
0000554d  EUSCIA0_IRQHandler             
0000554d  EUSCIA0_IRQHandler             
00000b47  EUSCIA1_IRQHandler             
00000b47  EUSCIA2_IRQHandler             
00000b47  EUSCIA3_IRQHandler             
00000b47  EUSCIB0_IRQHandler             
00000b47  EUSCIB1_IRQHandler             
00000b47  EUSCIB2_IRQHandler             
00000b47  EUSCIB3_IRQHandler             
00000b47  FLCTL_IRQHandler               
00000b47  FPU_IRQHandler                 
00005879  HOSTclose                      
00005161  HOSTlseek                      
00005491  HOSTopen                       
000055a5  HOSTread                       
000051c9  HOSTrename                     
000058bd  HOSTunlink                     
000055fd  HOSTwrite                      
00000b47  HardFault_Handler              
00000b47  MemManage_Handler              
00000b47  NMI_Handler                    
00000b47  PCM_IRQHandler                 
00000b47  PORT1_IRQHandler               
00000b47  PORT2_IRQHandler               
00000b47  PORT3_IRQHandler               
00000b47  PORT4_IRQHandler               
00000b47  PORT5_IRQHandler               
00000b47  PORT6_IRQHandler               
00000b47  PSS_IRQHandler                 
00000b47  PendSV_Handler                 
00000b47  RTC_C_IRQHandler               
00005d9f  Reset_Handler                  
00000b47  SVC_Handler                    
00000b47  SysTick_Handler                
00004f8d  SystemInit                     
00000b47  T32_INT1_IRQHandler            
00000b47  T32_INT2_IRQHandler            
00000b47  T32_INTC_IRQHandler            
00000b47  TA0_0_IRQHandler               
00000b47  TA0_N_IRQHandler               
00000b47  TA1_0_IRQHandler               
00000b47  TA1_N_IRQHandler               
00000b47  TA2_0_IRQHandler               
00000b47  TA2_N_IRQHandler               
00000b47  TA3_0_IRQHandler               
00000b47  TA3_N_IRQHandler               
00005c75  UART_transmitData              
00000b47  UsageFault_Handler             
4000480c  WDTCTL_SYM                     
00000b47  WDT_A_IRQHandler               
00005cd5  WDT_A_holdTimer                
00005dc8  _Q16sqrt_coeffs                
00004949  _Qmag                          
20000a00  __CIOBUF_                      
20010000  __STACK_END                    
00000200  __STACK_SIZE                   
00000800  __SYSMEM_SIZE                  
00006250  __TI_CINIT_Base                
00006260  __TI_CINIT_Limit               
00006238  __TI_Handler_Table_Base        
00006244  __TI_Handler_Table_Limit       
00005901  __TI_auto_init_nobinit_nopinit 
00005ae5  __TI_cleanup                   
20000d98  __TI_cleanup_ptr               
0000507d  __TI_closefile                 
00005231  __TI_decompress_lzss           
00005d91  __TI_decompress_none           
00005751  __TI_doflush                   
20000d9c  __TI_dtors_ptr                 
20000da0  __TI_enable_exit_profile_output
20000d88  __TI_ft_end                    
ffffffff  __TI_pprof_out_hndl            
000000e9  __TI_printfi                   
ffffffff  __TI_prof_data_size            
ffffffff  __TI_prof_data_start           
00005b19  __TI_readmsg                   
00000000  __TI_static_base__             
20000b20  __TI_tmpnams                   
00005a05  __TI_writemsg                  
0000542d  __TI_wrt_ok                    
00005d6d  __TI_zero_init_nomemset        
00004e05  __aeabi_cdcmpeq                
00004e05  __aeabi_cdcmple                
00004e8b  __aeabi_cdrcmple               
00005831  __aeabi_d2iz                   
00003733  __aeabi_dadd                   
00003fe1  __aeabi_ddiv                   
00004679  __aeabi_dmul                   
00003729  __aeabi_dsub                   
00005dad  __aeabi_errno_addr             
00005b7d  __aeabi_i2d                    
00003557  __aeabi_idiv0                  
00003557  __aeabi_ldiv0                  
00004f11  __aeabi_memclr                 
00004f11  __aeabi_memclr4                
00004f11  __aeabi_memclr8                
00004c47  __aeabi_memcpy                 
00004c47  __aeabi_memcpy4                
00004c47  __aeabi_memcpy8                
00004f13  __aeabi_memset                 
00004f13  __aeabi_memset4                
00004f13  __aeabi_memset8                
20000d94  __aeabi_stderr                 
20000d8c  __aeabi_stdin                  
20000d90  __aeabi_stdout                 
00004ce3  __aeabi_uldivmod               
ffffffff  __binit__                      
ffffffff  __c_args__                     
00003be1  __kernel_cos                   
00000b49  __kernel_rem_pio2              
00003a6d  __kernel_sin                   
UNDEFED   __mpu_init                     
2000fe00  __stack                        
00005a3d  _c_int00_noargs                
000060a0  _ctypes_                       
20000cc0  _device                        
20000bd0  _ftable                        
20000db0  _lock                          
00002adf  _nop                           
20000d38  _stream                        
20000000  _sys_memory                    
UNDEFED   _system_post_cinit             
00005dbd  _system_pre_init               
20000db4  _unlock                        
00005dc1  abort                          
0000579d  atoi                           
ffffffff  binit                          
20000dbc  bytes                          
000054f1  close                          
00005d31  copysign                       
00005d31  copysignl                      
000018a5  cos                            
000018a5  cosl                           
20000db8  errno                          
000057e9  exit                           
00005b4d  finddevice                     
00004775  floor                          
00004775  floorl                         
00005301  fprintf                        
00004d79  fputc                          
00004359  fputs                          
00004a21  free                           
00005365  frexp                          
00005365  frexpl                         
000053c9  fseek                          
00005945  getdevice                      
20000bc8  information_bytes              
00000000  interruptVectors               
00005d05  kiss_fft                       
000038e1  kiss_fft_alloc                 
00005299  kiss_fft_stride                
00002d51  kiss_fftr                      
000031a1  kiss_fftr_alloc                
0000446d  ldexp                          
0000446d  ldexpl                         
00005bd9  lseek                          
000056ab  ltoa                           
00002fbd  main                           
00005005  malloc                         
00005cb9  memccpy                        
00005c99  memchr                         
00004c47  memcpy                         
00004f19  memset                         
00005a75  minit                          
20000bcc  msg                            
20000bc0  parmbuf                        
00004d79  putc                           
20000800  qInput                         
00005bad  remove                         
0000446d  scalbn                         
0000446d  scalbnl                        
0000486d  setvbuf                        
00001e81  sin                            
00001e81  sinl                           
00003d4d  sqrt                           
00003d4d  sqrtl                          
00005d1b  strchr                         
00005ced  strcmp                         
00005d45  strcpy                         
00005d59  strlen                         
00005aad  strncpy                        
000061a4  uartConfig                     
00005bad  unlink                         
00005d7f  wcslen                         
00005c29  write                          


GLOBAL SYMBOLS: SORTED BY Symbol Address 

address   name                           
-------   ----                           
00000000  __TI_static_base__             
00000000  interruptVectors               
000000e9  __TI_printfi                   
00000200  __STACK_SIZE                   
00000800  __SYSMEM_SIZE                  
00000b47  ADC14_IRQHandler               
00000b47  AES256_IRQHandler              
00000b47  BusFault_Handler               
00000b47  COMP_E0_IRQHandler             
00000b47  COMP_E1_IRQHandler             
00000b47  CS_IRQHandler                  
00000b47  DMA_ERR_IRQHandler             
00000b47  DMA_INT0_IRQHandler            
00000b47  DMA_INT1_IRQHandler            
00000b47  DMA_INT2_IRQHandler            
00000b47  DMA_INT3_IRQHandler            
00000b47  DebugMon_Handler               
00000b47  Default_Handler                
00000b47  EUSCIA1_IRQHandler             
00000b47  EUSCIA2_IRQHandler             
00000b47  EUSCIA3_IRQHandler             
00000b47  EUSCIB0_IRQHandler             
00000b47  EUSCIB1_IRQHandler             
00000b47  EUSCIB2_IRQHandler             
00000b47  EUSCIB3_IRQHandler             
00000b47  FLCTL_IRQHandler               
00000b47  FPU_IRQHandler                 
00000b47  HardFault_Handler              
00000b47  MemManage_Handler              
00000b47  NMI_Handler                    
00000b47  PCM_IRQHandler                 
00000b47  PORT1_IRQHandler               
00000b47  PORT2_IRQHandler               
00000b47  PORT3_IRQHandler               
00000b47  PORT4_IRQHandler               
00000b47  PORT5_IRQHandler               
00000b47  PORT6_IRQHandler               
00000b47  PSS_IRQHandler                 
00000b47  PendSV_Handler                 
00000b47  RTC_C_IRQHandler               
00000b47  SVC_Handler                    
00000b47  SysTick_Handler                
00000b47  T32_INT1_IRQHandler            
00000b47  T32_INT2_IRQHandler            
00000b47  T32_INTC_IRQHandler            
00000b47  TA0_0_IRQHandler               
00000b47  TA0_N_IRQHandler               
00000b47  TA1_0_IRQHandler               
00000b47  TA1_N_IRQHandler               
00000b47  TA2_0_IRQHandler               
00000b47  TA2_N_IRQHandler               
00000b47  TA3_0_IRQHandler               
00000b47  TA3_N_IRQHandler               
00000b47  UsageFault_Handler             
00000b47  WDT_A_IRQHandler               
00000b49  __kernel_rem_pio2              
000018a5  cos                            
000018a5  cosl                           
00001e81  sin                            
00001e81  sinl                           
00002adf  _nop                           
00002d51  kiss_fftr                      
00002fbd  main                           
000031a1  kiss_fftr_alloc                
00003557  __aeabi_idiv0                  
00003557  __aeabi_ldiv0                  
00003729  __aeabi_dsub                   
00003733  __aeabi_dadd                   
000038e1  kiss_fft_alloc                 
00003a6d  __kernel_sin                   
00003be1  __kernel_cos                   
00003d4d  sqrt                           
00003d4d  sqrtl                          
00003fe1  __aeabi_ddiv                   
00004359  fputs                          
0000446d  ldexp                          
0000446d  ldexpl                         
0000446d  scalbn                         
0000446d  scalbnl                        
00004679  __aeabi_dmul                   
00004775  floor                          
00004775  floorl                         
0000486d  setvbuf                        
00004949  _Qmag                          
00004a21  free                           
00004c47  __aeabi_memcpy                 
00004c47  __aeabi_memcpy4                
00004c47  __aeabi_memcpy8                
00004c47  memcpy                         
00004ce3  __aeabi_uldivmod               
00004d79  fputc                          
00004d79  putc                           
00004e05  __aeabi_cdcmpeq                
00004e05  __aeabi_cdcmple                
00004e8b  __aeabi_cdrcmple               
00004f11  __aeabi_memclr                 
00004f11  __aeabi_memclr4                
00004f11  __aeabi_memclr8                
00004f13  __aeabi_memset                 
00004f13  __aeabi_memset4                
00004f13  __aeabi_memset8                
00004f19  memset                         
00004f8d  SystemInit                     
00005005  malloc                         
0000507d  __TI_closefile                 
00005161  HOSTlseek                      
000051c9  HOSTrename                     
00005231  __TI_decompress_lzss           
00005299  kiss_fft_stride                
00005301  fprintf                        
00005365  frexp                          
00005365  frexpl                         
000053c9  fseek                          
0000542d  __TI_wrt_ok                    
00005491  HOSTopen                       
000054f1  close                          
0000554d  EUSCIA0_IRQHandler             
0000554d  EUSCIA0_IRQHandler             
000055a5  HOSTread                       
000055fd  HOSTwrite                      
000056ab  ltoa                           
00005751  __TI_doflush                   
0000579d  atoi                           
000057e9  exit                           
00005831  __aeabi_d2iz                   
00005879  HOSTclose                      
000058bd  HOSTunlink                     
00005901  __TI_auto_init_nobinit_nopinit 
00005945  getdevice                      
00005a05  __TI_writemsg                  
00005a33  C$$IO$$                        
00005a3d  _c_int00_noargs                
00005a75  minit                          
00005aad  strncpy                        
00005ae5  __TI_cleanup                   
00005b19  __TI_readmsg                   
00005b4d  finddevice                     
00005b7d  __aeabi_i2d                    
00005bad  remove                         
00005bad  unlink                         
00005bd9  lseek                          
00005c29  write                          
00005c51  CS_setDCOCenteredFrequency     
00005c75  UART_transmitData              
00005c99  memchr                         
00005cb9  memccpy                        
00005cd5  WDT_A_holdTimer                
00005ced  strcmp                         
00005d05  kiss_fft                       
00005d1b  strchr                         
00005d31  copysign                       
00005d31  copysignl                      
00005d45  strcpy                         
00005d59  strlen                         
00005d6d  __TI_zero_init_nomemset        
00005d7f  wcslen                         
00005d91  __TI_decompress_none           
00005d9f  Reset_Handler                  
00005dad  __aeabi_errno_addr             
00005dbd  _system_pre_init               
00005dc1  C$$EXIT                        
00005dc1  abort                          
00005dc8  _Q16sqrt_coeffs                
000060a0  _ctypes_                       
000061a4  uartConfig                     
00006238  __TI_Handler_Table_Base        
00006244  __TI_Handler_Table_Limit       
00006250  __TI_CINIT_Base                
00006260  __TI_CINIT_Limit               
20000000  _sys_memory                    
20000800  qInput                         
20000a00  __CIOBUF_                      
20000b20  __TI_tmpnams                   
20000bc0  parmbuf                        
20000bc8  information_bytes              
20000bcc  msg                            
20000bd0  _ftable                        
20000cc0  _device                        
20000d38  _stream                        
20000d88  __TI_ft_end                    
20000d8c  __aeabi_stdin                  
20000d90  __aeabi_stdout                 
20000d94  __aeabi_stderr                 
20000d98  __TI_cleanup_ptr               
20000d9c  __TI_dtors_ptr                 
20000da0  __TI_enable_exit_profile_output
20000db0  _lock                          
20000db4  _unlock                        
20000db8  errno                          
20000dbc  bytes                          
2000fe00  __stack                        
20010000  __STACK_END                    
4000480c  WDTCTL_SYM                     
ffffffff  __TI_pprof_out_hndl            
ffffffff  __TI_prof_data_size            
ffffffff  __TI_prof_data_start           
ffffffff  __binit__                      
ffffffff  __c_args__                     
ffffffff  binit                          
UNDEFED   __mpu_init                     
UNDEFED   _system_post_cinit             

[201 symbols]
