******************************************************************************
                  TI ARM Linker PC v18.1.1                     
******************************************************************************
>> Linked Tue Jun 19 12:41:25 2018

OUTPUT FILE NAME:   <uart_FFT_kissFFT.out>
ENTRY POINT SYMBOL: "_c_int00_noargs"  address: 00005a19


MEMORY CONFIGURATION

         name            origin    length      used     unused   attr    fill
----------------------  --------  ---------  --------  --------  ----  --------
  MAIN                  00000000   00040000  00006230  00039dd0  R  X
  INFO                  00200000   00004000  00000000  00004000  R  X
  SRAM_CODE             01000000   00010000  0000252d  0000dad3  RW X
  SRAM_DATA             20000000   00010000  0000252d  0000dad3  RW  


SEGMENT ALLOCATION MAP

run origin  load origin   length   init length attrs members
----------  ----------- ---------- ----------- ----- -------
00000000    00000000    00006238   00006238    r-x
  00000000    00000000    000000e4   000000e4    r-- .intvecs
  000000e8    000000e8    00005cb4   00005cb4    r-x .text
  00005da0    00005da0    00000400   00000400    r-- .const
  000061a0    000061a0    00000098   00000098    r-- .cinit
20000000    20000000    0000212d   00000000    rw-
  20000000    20000000    00001d70   00000000    rw- .sysmem
  20001d70    20001d70    000001f0   00000000    rw- .data
  20001f60    20001f60    000001cd   00000000    rw- .bss
2000fc00    2000fc00    00000400   00000000    rw-
  2000fc00    2000fc00    00000400   00000000    rw- .stack


SECTION ALLOCATION MAP

 output                                  attributes/
section   page    origin      length       input sections
--------  ----  ----------  ----------   ----------------
.intvecs   0    00000000    000000e4     
                  00000000    000000e4     startup_msp432p401r_ccs.obj (.intvecs:retain)

.text      0    000000e8    00005cb4     
                  000000e8    00000a5e     rtsv7M4_T_le_v4SPD16_eabi.lib : _printfi.c.obj (.text:__TI_printfi)
                  00000b46    00000002     startup_msp432p401r_ccs.obj (.text:Default_Handler)
                  00000b48    00000738     rtsv7M4_T_le_v4SPD16_eabi.lib : k_rem_pio2.c.obj (.text:__kernel_rem_pio2)
                  00001280    00000624     kiss_fft.obj (.text:kf_bfly5)
                  000018a4    000005dc     rtsv7M4_T_le_v4SPD16_eabi.lib : s_cos.c.obj (.text:cos)
                  00001e80    000005c4                                   : s_sin.c.obj (.text:sin)
                  00002444    000003be     kiss_fft.obj (.text:kf_bfly4)
                  00002802    000002dc     kiss_fft.obj (.text:kf_bfly3)
                  00002ade    00000002     rtsv7M4_T_le_v4SPD16_eabi.lib : _lock.c.obj (.text:_nop)
                  00002ae0    00000270                                   : _printfi.c.obj (.text:_pconv_a)
                  00002d50    0000026c     kiss_fftr.obj (.text:kiss_fftr)
                  00002fbc    000001e0     kiss_fftr.obj (.text:kiss_fftr_alloc)
                  0000319c    000001d6     kiss_fft.obj (.text:kf_bfly_generic)
                  00003372    00000002     rtsv7M4_T_le_v4SPD16_eabi.lib : div0.asm.obj (.text)
                  00003374    000001d0                                   : _printfi.c.obj (.text:_pconv_g)
                  00003544    000001d0     uart_FFT_kissFFT.obj (.text:main)
                  00003714    000001b6     rtsv7M4_T_le_v4SPD16_eabi.lib : fd_add_t2.asm.obj (.text)
                  000038ca    00000002     --HOLE-- [fill = 0]
                  000038cc    0000018c     kiss_fft.obj (.text:kiss_fft_alloc)
                  00003a58    00000174     rtsv7M4_T_le_v4SPD16_eabi.lib : k_sin.c.obj (.text:__kernel_sin)
                  00003bcc    0000016c                                   : k_cos.c.obj (.text:__kernel_cos)
                  00003d38    00000158                                   : e_sqrt.c.obj (.text:sqrt)
                  00003e90    0000013c                                   : _printfi.c.obj (.text:_pconv_e)
                  00003fcc    00000136                                   : fd_div_t2.asm.obj (.text)
                  00004102    00000002     --HOLE-- [fill = 0]
                  00004104    00000120                                   : _printfi.c.obj (.text:fcvt)
                  00004224    00000120     kiss_fft.obj (.text:kf_bfly2)
                  00004344    00000114     rtsv7M4_T_le_v4SPD16_eabi.lib : fputs.c.obj (.text:fputs)
                  00004458    00000110                                   : s_scalbn.c.obj (.text:scalbn)
                  00004568    000000fc     kiss_fft.obj (.text:kf_work)
                  00004664    000000fc     rtsv7M4_T_le_v4SPD16_eabi.lib : fd_mul_t2.asm.obj (.text)
                  00004760    000000f8                                   : s_floor.c.obj (.text:floor)
                  00004858    000000dc                                   : setvbuf.c.obj (.text:setvbuf)
                  00004934    00000004                                   : fprintf.c.obj (.text:_outc)
                  00004938    000000d8     QmathLib_CCS_MSP432.lib : _QNsqrt.obj (.text:_Qmag)
                  00004a10    000000d8     rtsv7M4_T_le_v4SPD16_eabi.lib : memory.c.obj (.text:free)
                  00004ae8    000000b1                                   : _printfi.c.obj (.text:_ltostr)
                  00004b99    00000001     --HOLE-- [fill = 0]
                  00004b9a    0000009c     kiss_fft.obj (.text:kf_factor)
                  00004c36    0000009c     rtsv7M4_T_le_v4SPD16_eabi.lib : memcpy_t2.asm.obj (.text)
                  00004cd2    00000096                                   : ull_div_t2.asm.obj (.text)
                  00004d68    0000008c                                   : fputc.c.obj (.text:fputc)
                  00004df4    00000086                                   : fd_cmp_t2.asm.obj (.text:__aeabi_cdcmple)
                  00004e7a    00000086                                   : fd_cmp_t2.asm.obj (.text:__aeabi_cdrcmple)
                  00004f00    0000007a                                   : memset_t2.asm.obj (.text)
                  00004f7a    00000002     --HOLE-- [fill = 0]
                  00004f7c    00000078     system_msp432p401r.obj (.text:SystemInit)
                  00004ff4    00000078     rtsv7M4_T_le_v4SPD16_eabi.lib : memory.c.obj (.text:malloc)
                  0000506c    00000074                                   : fclose.c.obj (.text:__TI_closefile)
                  000050e0    0000006e                                   : _printfi.c.obj (.text:_mcpy)
                  0000514e    00000002     --HOLE-- [fill = 0]
                  00005150    00000068                                   : hostlseek.c.obj (.text:HOSTlseek)
                  000051b8    00000068                                   : hostrename.c.obj (.text:HOSTrename)
                  00005220    00000068                                   : copy_decompress_lzss.c.obj (.text:decompress:lzss:__TI_decompress_lzss)
                  00005288    00000068     kiss_fft.obj (.text:kiss_fft_stride)
                  000052f0    00000064     rtsv7M4_T_le_v4SPD16_eabi.lib : fprintf.c.obj (.text:fprintf)
                  00005354    00000064                                   : s_frexp.c.obj (.text:frexp)
                  000053b8    00000064                                   : fseek.c.obj (.text:fseek)
                  0000541c    00000062                                   : _io_perm.c.obj (.text:__TI_wrt_ok)
                  0000547e    00000002     --HOLE-- [fill = 0]
                  00005480    00000060                                   : hostopen.c.obj (.text:HOSTopen)
                  000054e0    0000005c                                   : close.c.obj (.text:close)
                  0000553c    00000058                                   : hostread.c.obj (.text:HOSTread)
                  00005594    00000058                                   : hostwrite.c.obj (.text:HOSTwrite)
                  000055ec    00000056                                   : _printfi.c.obj (.text:_pconv_f)
                  00005642    00000054                                   : ltoa.c.obj (.text:ltoa)
                  00005696    00000052                                   : _printfi.c.obj (.text:_ecpy)
                  000056e8    0000004c                                   : fflush.c.obj (.text:__TI_doflush)
                  00005734    0000004c                                   : atoi.c.obj (.text:atoi)
                  00005780    00000048                                   : exit.c.obj (.text:exit)
                  000057c8    00000048                                   : fd_toi_t2.asm.obj (.text)
                  00005810    00000044     uart_FFT_kissFFT.obj (.text:EUSCIA0_IRQHandler)
                  00005854    00000044     rtsv7M4_T_le_v4SPD16_eabi.lib : hostclose.c.obj (.text:HOSTclose)
                  00005898    00000044                                   : hostunlink.c.obj (.text:HOSTunlink)
                  000058dc    00000044                                   : autoinit.c.obj (.text:__TI_auto_init_nobinit_nopinit:__TI_auto_init_nobinit_nopinit)
                  00005920    00000044                                   : getdevice.c.obj (.text:getdevice)
                  00005964    0000003e                                   : _printfi.c.obj (.text:_fcpy)
                  000059a2    00000002     --HOLE-- [fill = 0]
                  000059a4    0000003c                                   : memory.c.obj (.text:minsert)
                  000059e0    00000038                                   : trgmsg.c.obj (.text:__TI_writemsg)
                  00005a18    00000038                                   : boot_cortex_m.c.obj (.text:_c_int00_noargs:_c_int00_noargs)
                  00005a50    00000038                                   : memory.c.obj (.text:minit)
                  00005a88    00000036                                   : strncpy.c.obj (.text:strncpy)
                  00005abe    00000002     --HOLE-- [fill = 0]
                  00005ac0    00000034                                   : fopen.c.obj (.text:__TI_cleanup)
                  00005af4    00000034                                   : trgmsg.c.obj (.text:__TI_readmsg)
                  00005b28    00000030                                   : getdevice.c.obj (.text:finddevice)
                  00005b58    0000002e                                   : i_tofd_t2.asm.obj (.text)
                  00005b86    00000002     --HOLE-- [fill = 0]
                  00005b88    0000002c                                   : unlink.c.obj (.text:unlink)
                  00005bb4    00000028                                   : lseek.c.obj (.text:lseek)
                  00005bdc    00000028                                   : memory.c.obj (.text:mremove)
                  00005c04    00000028                                   : write.c.obj (.text:write)
                  00005c2c    00000024     msp432p4xx_driverlib.lib : cs_MSP432P4XX.obj (.text:CS_setDCOCenteredFrequency)
                  00005c50    00000024                              : uart_MSP432P4XX.obj (.text:UART_transmitData)
                  00005c74    00000020     rtsv7M4_T_le_v4SPD16_eabi.lib : memchr.c.obj (.text:memchr)
                  00005c94    0000001c                                   : memccpy.c.obj (.text:memccpy)
                  00005cb0    00000018     msp432p4xx_driverlib.lib : wdt_a_MSP432P4XX.obj (.text:WDT_A_holdTimer)
                  00005cc8    00000018     rtsv7M4_T_le_v4SPD16_eabi.lib : strcmp.c.obj (.text:strcmp)
                  00005ce0    00000016     kiss_fft.obj (.text:kiss_fft)
                  00005cf6    00000016     rtsv7M4_T_le_v4SPD16_eabi.lib : strchr.c.obj (.text:strchr)
                  00005d0c    00000014                                   : s_copysign.c.obj (.text:copysign)
                  00005d20    00000014                                   : strcpy.c.obj (.text:strcpy)
                  00005d34    00000014                                   : strlen.c.obj (.text:strlen)
                  00005d48    00000012                                   : copy_zero_init.c.obj (.text:decompress:ZI:__TI_zero_init_nomemset:__TI_zero_init_nomemset)
                  00005d5a    00000012                                   : wcslen.c.obj (.text:wcslen)
                  00005d6c    0000000e                                   : copy_decompress_none.c.obj (.text:decompress:none:__TI_decompress_none)
                  00005d7a    0000000c     startup_msp432p401r_ccs.obj (.text:Reset_Handler)
                  00005d86    00000002     --HOLE-- [fill = 0]
                  00005d88    00000008     rtsv7M4_T_le_v4SPD16_eabi.lib : errno.c.obj (.text:__aeabi_errno_addr)
                  00005d90    00000004                                   : fprintf.c.obj (.text:_outs)
                  00005d94    00000004                                   : pre_init.c.obj (.text:_system_pre_init)
                  00005d98    00000004                                   : exit.c.obj (.text:abort:abort)

.const     0    00005da0    00000400     
                  00005da0    00000180     QmathLib_CCS_MSP432.lib : _QNtables.obj (.const:_Q16sqrt_coeffs)
                  00005f20    00000158     rtsv7M4_T_le_v4SPD16_eabi.lib : k_rem_pio2.c.obj (.const:$O1$$)
                  00006078    00000101                                   : ctype.c.obj (.const:.string:_ctypes_)
                  00006179    00000003     --HOLE-- [fill = 0]
                  0000617c    00000024     uart_FFT_kissFFT.obj (.const:uartConfig)

.cinit     0    000061a0    00000098     
                  000061a0    00000071     (.cinit..data.load) [load image, compression = lzss]
                  00006211    00000003     --HOLE-- [fill = 0]
                  00006214    0000000c     (__TI_handler_table)
                  00006220    00000008     (.cinit..bss.load) [load image, compression = zero_init]
                  00006228    00000010     (__TI_cinit_table)

.init_array 
*          0    00000000    00000000     UNINITIALIZED

.binit     0    00000000    00000000     

.sysmem    0    20000000    00001d70     UNINITIALIZED
                  20000000    00000008     rtsv7M4_T_le_v4SPD16_eabi.lib : memory.c.obj (.sysmem)
                  20000008    00001d68     --HOLE--

.data      0    20001d70    000001f0     UNINITIALIZED
                  20001d70    000000f0     rtsv7M4_T_le_v4SPD16_eabi.lib : defs.c.obj (.data:_ftable)
                  20001e60    00000078                                   : write.c.obj (.data:_device)
                  20001ed8    00000050                                   : write.c.obj (.data:_stream)
                  20001f28    00000010                                   : defs.c.obj (.data)
                  20001f38    0000000c                                   : exit.c.obj (.data:$O1$$)
                  20001f44    0000000c                                   : memory.c.obj (.data:$O1$$)
                  20001f50    00000008                                   : _lock.c.obj (.data:$O1$$)
                  20001f58    00000004                                   : errno.c.obj (.data)
                  20001f5c    00000004     uart_FFT_kissFFT.obj (.data)

.bss       0    20001f60    000001cd     UNINITIALIZED
                  20001f60    00000120     rtsv7M4_T_le_v4SPD16_eabi.lib : trgmsg.c.obj (.bss:_CIOBUF_)
                  20002080    000000a0     (.common:__TI_tmpnams)
                  20002120    00000008     (.common:parmbuf)
                  20002128    00000004     (.common:information_bytes)
                  2000212c    00000001     (.common:msg)

.stack     0    2000fc00    00000400     UNINITIALIZED
                  2000fc00    00000004     rtsv7M4_T_le_v4SPD16_eabi.lib : boot_cortex_m.c.obj (.stack)
                  2000fc04    000003fc     --HOLE--

MODULE SUMMARY

       Module                        code    ro data   rw data
       ------                        ----    -------   -------
    .\
       uart_FFT_kissFFT.obj          532     36        18     
       system_msp432p401r.obj        120     0         0      
    +--+-----------------------------+-------+---------+---------+
       Total:                        652     36        18     
                                                              
    .\ccs\
       startup_msp432p401r_ccs.obj   14      228       0      
    +--+-----------------------------+-------+---------+---------+
       Total:                        14      228       0      
                                                              
    .\kissFFT\
       kiss_fft.obj                  4950    0         0      
       kiss_fftr.obj                 1100    0         0      
    +--+-----------------------------+-------+---------+---------+
       Total:                        6050    0         0      
                                                              
    C:/ti/simplelink_msp432p4_sdk_2_10_00_14/source/ti/devices/msp432p4xx/driverlib/ccs/msp432p4xx_driverlib.lib
       cs_MSP432P4XX.obj             36      0         0      
       uart_MSP432P4XX.obj           36      0         0      
       wdt_a_MSP432P4XX.obj          24      0         0      
    +--+-----------------------------+-------+---------+---------+
       Total:                        96      0         0      
                                                              
    C:/ti/simplelink_msp432p4_sdk_2_10_00_14/source/ti/iqmathlib/ccs/QmathLib_CCS_MSP432.lib
       _QNtables.obj                 0       384       0      
       _QNsqrt.obj                   216     0         0      
    +--+-----------------------------+-------+---------+---------+
       Total:                        216     384       0      
                                                              
    C:\ti\ccsv8\tools\compiler\ti-cgt-arm_18.1.1.LTS\lib\rtsv7M4_T_le_v4SPD16_eabi.lib
       _printfi.c.obj                4863    0         0      
       k_rem_pio2.c.obj              1848    344       0      
       s_cos.c.obj                   1500    0         0      
       s_sin.c.obj                   1476    0         0      
       defs.c.obj                    0       0         832    
       trgmsg.c.obj                  108     0         576    
       memory.c.obj                  492     0         24     
       write.c.obj                   40      0         400    
       fd_add_t2.asm.obj             438     0         0      
       k_sin.c.obj                   372     0         0      
       k_cos.c.obj                   364     0         0      
       e_sqrt.c.obj                  344     0         0      
       fd_div_t2.asm.obj             310     0         0      
       fputs.c.obj                   276     0         0      
       s_scalbn.c.obj                272     0         0      
       fd_cmp_t2.asm.obj             268     0         0      
       ctype.c.obj                   0       257       0      
       fd_mul_t2.asm.obj             252     0         0      
       s_floor.c.obj                 248     0         0      
       setvbuf.c.obj                 220     0         0      
       memcpy_t2.asm.obj             156     0         0      
       ull_div_t2.asm.obj            150     0         0      
       fputc.c.obj                   140     0         0      
       memset_t2.asm.obj             122     0         0      
       fclose.c.obj                  116     0         0      
       getdevice.c.obj               116     0         0      
       hostopen.c.obj                96      0         16     
       fprintf.c.obj                 108     0         0      
       copy_decompress_lzss.c.obj    104     0         0      
       hostlseek.c.obj               104     0         0      
       hostrename.c.obj              104     0         0      
       exit.c.obj                    76      0         24     
       fseek.c.obj                   100     0         0      
       s_frexp.c.obj                 100     0         0      
       _io_perm.c.obj                98      0         0      
       close.c.obj                   92      0         0      
       hostread.c.obj                88      0         0      
       hostwrite.c.obj               88      0         0      
       ltoa.c.obj                    84      0         0      
       atoi.c.obj                    76      0         0      
       fflush.c.obj                  76      0         0      
       fd_toi_t2.asm.obj             72      0         0      
       autoinit.c.obj                68      0         0      
       hostclose.c.obj               68      0         0      
       hostunlink.c.obj              68      0         0      
       boot_cortex_m.c.obj           56      0         0      
       strncpy.c.obj                 54      0         0      
       fopen.c.obj                   52      0         0      
       i_tofd_t2.asm.obj             46      0         0      
       unlink.c.obj                  44      0         0      
       lseek.c.obj                   40      0         0      
       memchr.c.obj                  32      0         0      
       memccpy.c.obj                 28      0         0      
       strcmp.c.obj                  24      0         0      
       strchr.c.obj                  22      0         0      
       s_copysign.c.obj              20      0         0      
       strcpy.c.obj                  20      0         0      
       strlen.c.obj                  20      0         0      
       _lock.c.obj                   2       0         16     
       copy_zero_init.c.obj          18      0         0      
       wcslen.c.obj                  18      0         0      
       errno.c.obj                   8       0         8      
       copy_decompress_none.c.obj    14      0         0      
       pre_init.c.obj                4       0         0      
       div0.asm.obj                  2       0         0      
    +--+-----------------------------+-------+---------+---------+
       Total:                        16685   601       1896   
                                                              
       Heap:                         0       0         15072  
       Stack:                        0       0         2048   
       Linker Generated:             0       149       0      
    +--+-----------------------------+-------+---------+---------+
       Grand Total:                  23713   1398      19034  


LINKER GENERATED COPY TABLES

__TI_cinit_table @ 00006228 records: 2, size/record: 8, table size: 16
	.data: load addr=000061a0, load size=00000071 bytes, run addr=20001d70, run size=000001f0 bytes, compression=lzss
	.bss: load addr=00006220, load size=00000008 bytes, run addr=20001f60, run size=000001cd bytes, compression=zero_init


LINKER GENERATED HANDLER TABLE

__TI_handler_table @ 00006214 records: 3, size/record: 4, table size: 12
	index: 0, handler: __TI_decompress_lzss
	index: 1, handler: __TI_decompress_none
	index: 2, handler: __TI_zero_init


GLOBAL SYMBOLS: SORTED ALPHABETICALLY BY Name 

address   name                           
-------   ----                           
00000b47  ADC14_IRQHandler               
00000b47  AES256_IRQHandler              
00000b47  BusFault_Handler               
00005d99  C$$EXIT                        
00005a0f  C$$IO$$                        
00000b47  COMP_E0_IRQHandler             
00000b47  COMP_E1_IRQHandler             
00000b47  CS_IRQHandler                  
00005c2d  CS_setDCOCenteredFrequency     
00000b47  DMA_ERR_IRQHandler             
00000b47  DMA_INT0_IRQHandler            
00000b47  DMA_INT1_IRQHandler            
00000b47  DMA_INT2_IRQHandler            
00000b47  DMA_INT3_IRQHandler            
00000b47  DebugMon_Handler               
00000b47  Default_Handler                
00005811  EUSCIA0_IRQHandler             
00005811  EUSCIA0_IRQHandler             
00000b47  EUSCIA1_IRQHandler             
00000b47  EUSCIA2_IRQHandler             
00000b47  EUSCIA3_IRQHandler             
00000b47  EUSCIB0_IRQHandler             
00000b47  EUSCIB1_IRQHandler             
00000b47  EUSCIB2_IRQHandler             
00000b47  EUSCIB3_IRQHandler             
00000b47  FLCTL_IRQHandler               
00000b47  FPU_IRQHandler                 
00005855  HOSTclose                      
00005151  HOSTlseek                      
00005481  HOSTopen                       
0000553d  HOSTread                       
000051b9  HOSTrename                     
00005899  HOSTunlink                     
00005595  HOSTwrite                      
00000b47  HardFault_Handler              
00000b47  MemManage_Handler              
00000b47  NMI_Handler                    
00000b47  PCM_IRQHandler                 
00000b47  PORT1_IRQHandler               
00000b47  PORT2_IRQHandler               
00000b47  PORT3_IRQHandler               
00000b47  PORT4_IRQHandler               
00000b47  PORT5_IRQHandler               
00000b47  PORT6_IRQHandler               
00000b47  PSS_IRQHandler                 
00000b47  PendSV_Handler                 
00000b47  RTC_C_IRQHandler               
00005d7b  Reset_Handler                  
00000b47  SVC_Handler                    
00000b47  SysTick_Handler                
00004f7d  SystemInit                     
00000b47  T32_INT1_IRQHandler            
00000b47  T32_INT2_IRQHandler            
00000b47  T32_INTC_IRQHandler            
00000b47  TA0_0_IRQHandler               
00000b47  TA0_N_IRQHandler               
00000b47  TA1_0_IRQHandler               
00000b47  TA1_N_IRQHandler               
00000b47  TA2_0_IRQHandler               
00000b47  TA2_N_IRQHandler               
00000b47  TA3_0_IRQHandler               
00000b47  TA3_N_IRQHandler               
00005c51  UART_transmitData              
00000b47  UsageFault_Handler             
4000480c  WDTCTL_SYM                     
00000b47  WDT_A_IRQHandler               
00005cb1  WDT_A_holdTimer                
00005da0  _Q16sqrt_coeffs                
00004939  _Qmag                          
20001f60  __CIOBUF_                      
20010000  __STACK_END                    
00000400  __STACK_SIZE                   
00001d70  __SYSMEM_SIZE                  
00006228  __TI_CINIT_Base                
00006238  __TI_CINIT_Limit               
00006214  __TI_Handler_Table_Base        
00006220  __TI_Handler_Table_Limit       
000058dd  __TI_auto_init_nobinit_nopinit 
00005ac1  __TI_cleanup                   
20001f38  __TI_cleanup_ptr               
0000506d  __TI_closefile                 
00005221  __TI_decompress_lzss           
00005d6d  __TI_decompress_none           
000056e9  __TI_doflush                   
20001f3c  __TI_dtors_ptr                 
20001f40  __TI_enable_exit_profile_output
20001f28  __TI_ft_end                    
ffffffff  __TI_pprof_out_hndl            
000000e9  __TI_printfi                   
ffffffff  __TI_prof_data_size            
ffffffff  __TI_prof_data_start           
00005af5  __TI_readmsg                   
00000000  __TI_static_base__             
20002080  __TI_tmpnams                   
000059e1  __TI_writemsg                  
0000541d  __TI_wrt_ok                    
00005d49  __TI_zero_init_nomemset        
00004df5  __aeabi_cdcmpeq                
00004df5  __aeabi_cdcmple                
00004e7b  __aeabi_cdrcmple               
000057c9  __aeabi_d2iz                   
0000371f  __aeabi_dadd                   
00003fcd  __aeabi_ddiv                   
00004665  __aeabi_dmul                   
00003715  __aeabi_dsub                   
00005d89  __aeabi_errno_addr             
00005b59  __aeabi_i2d                    
00003373  __aeabi_idiv0                  
00003373  __aeabi_ldiv0                  
00004f01  __aeabi_memclr                 
00004f01  __aeabi_memclr4                
00004f01  __aeabi_memclr8                
00004c37  __aeabi_memcpy                 
00004c37  __aeabi_memcpy4                
00004c37  __aeabi_memcpy8                
00004f03  __aeabi_memset                 
00004f03  __aeabi_memset4                
00004f03  __aeabi_memset8                
20001f34  __aeabi_stderr                 
20001f2c  __aeabi_stdin                  
20001f30  __aeabi_stdout                 
00004cd3  __aeabi_uldivmod               
ffffffff  __binit__                      
ffffffff  __c_args__                     
00003bcd  __kernel_cos                   
00000b49  __kernel_rem_pio2              
00003a59  __kernel_sin                   
UNDEFED   __mpu_init                     
2000fc00  __stack                        
00005a19  _c_int00_noargs                
00006078  _ctypes_                       
20001e60  _device                        
20001d70  _ftable                        
20001f50  _lock                          
00002adf  _nop                           
20001ed8  _stream                        
20000000  _sys_memory                    
UNDEFED   _system_post_cinit             
00005d95  _system_pre_init               
20001f54  _unlock                        
00005d99  abort                          
00005735  atoi                           
ffffffff  binit                          
20001f5c  bytes                          
000054e1  close                          
00005d0d  copysign                       
00005d0d  copysignl                      
000018a5  cos                            
000018a5  cosl                           
20001f58  errno                          
00005781  exit                           
00005b29  finddevice                     
00004761  floor                          
00004761  floorl                         
000052f1  fprintf                        
00004d69  fputc                          
00004345  fputs                          
00004a11  free                           
00005355  frexp                          
00005355  frexpl                         
000053b9  fseek                          
00005921  getdevice                      
20002128  information_bytes              
00000000  interruptVectors               
00005ce1  kiss_fft                       
000038cd  kiss_fft_alloc                 
00005289  kiss_fft_stride                
00002d51  kiss_fftr                      
00002fbd  kiss_fftr_alloc                
00004459  ldexp                          
00004459  ldexpl                         
00005bb5  lseek                          
00005643  ltoa                           
00003545  main                           
00004ff5  malloc                         
00005c95  memccpy                        
00005c75  memchr                         
00004c37  memcpy                         
00004f09  memset                         
00005a51  minit                          
2000212c  msg                            
20002120  parmbuf                        
00004d69  putc                           
00005b89  remove                         
00004459  scalbn                         
00004459  scalbnl                        
00004859  setvbuf                        
00001e81  sin                            
00001e81  sinl                           
00003d39  sqrt                           
00003d39  sqrtl                          
00005cf7  strchr                         
00005cc9  strcmp                         
00005d21  strcpy                         
00005d35  strlen                         
00005a89  strncpy                        
0000617c  uartConfig                     
00005b89  unlink                         
00005d5b  wcslen                         
00005c05  write                          


GLOBAL SYMBOLS: SORTED BY Symbol Address 

address   name                           
-------   ----                           
00000000  __TI_static_base__             
00000000  interruptVectors               
000000e9  __TI_printfi                   
00000400  __STACK_SIZE                   
00000b47  ADC14_IRQHandler               
00000b47  AES256_IRQHandler              
00000b47  BusFault_Handler               
00000b47  COMP_E0_IRQHandler             
00000b47  COMP_E1_IRQHandler             
00000b47  CS_IRQHandler                  
00000b47  DMA_ERR_IRQHandler             
00000b47  DMA_INT0_IRQHandler            
00000b47  DMA_INT1_IRQHandler            
00000b47  DMA_INT2_IRQHandler            
00000b47  DMA_INT3_IRQHandler            
00000b47  DebugMon_Handler               
00000b47  Default_Handler                
00000b47  EUSCIA1_IRQHandler             
00000b47  EUSCIA2_IRQHandler             
00000b47  EUSCIA3_IRQHandler             
00000b47  EUSCIB0_IRQHandler             
00000b47  EUSCIB1_IRQHandler             
00000b47  EUSCIB2_IRQHandler             
00000b47  EUSCIB3_IRQHandler             
00000b47  FLCTL_IRQHandler               
00000b47  FPU_IRQHandler                 
00000b47  HardFault_Handler              
00000b47  MemManage_Handler              
00000b47  NMI_Handler                    
00000b47  PCM_IRQHandler                 
00000b47  PORT1_IRQHandler               
00000b47  PORT2_IRQHandler               
00000b47  PORT3_IRQHandler               
00000b47  PORT4_IRQHandler               
00000b47  PORT5_IRQHandler               
00000b47  PORT6_IRQHandler               
00000b47  PSS_IRQHandler                 
00000b47  PendSV_Handler                 
00000b47  RTC_C_IRQHandler               
00000b47  SVC_Handler                    
00000b47  SysTick_Handler                
00000b47  T32_INT1_IRQHandler            
00000b47  T32_INT2_IRQHandler            
00000b47  T32_INTC_IRQHandler            
00000b47  TA0_0_IRQHandler               
00000b47  TA0_N_IRQHandler               
00000b47  TA1_0_IRQHandler               
00000b47  TA1_N_IRQHandler               
00000b47  TA2_0_IRQHandler               
00000b47  TA2_N_IRQHandler               
00000b47  TA3_0_IRQHandler               
00000b47  TA3_N_IRQHandler               
00000b47  UsageFault_Handler             
00000b47  WDT_A_IRQHandler               
00000b49  __kernel_rem_pio2              
000018a5  cos                            
000018a5  cosl                           
00001d70  __SYSMEM_SIZE                  
00001e81  sin                            
00001e81  sinl                           
00002adf  _nop                           
00002d51  kiss_fftr                      
00002fbd  kiss_fftr_alloc                
00003373  __aeabi_idiv0                  
00003373  __aeabi_ldiv0                  
00003545  main                           
00003715  __aeabi_dsub                   
0000371f  __aeabi_dadd                   
000038cd  kiss_fft_alloc                 
00003a59  __kernel_sin                   
00003bcd  __kernel_cos                   
00003d39  sqrt                           
00003d39  sqrtl                          
00003fcd  __aeabi_ddiv                   
00004345  fputs                          
00004459  ldexp                          
00004459  ldexpl                         
00004459  scalbn                         
00004459  scalbnl                        
00004665  __aeabi_dmul                   
00004761  floor                          
00004761  floorl                         
00004859  setvbuf                        
00004939  _Qmag                          
00004a11  free                           
00004c37  __aeabi_memcpy                 
00004c37  __aeabi_memcpy4                
00004c37  __aeabi_memcpy8                
00004c37  memcpy                         
00004cd3  __aeabi_uldivmod               
00004d69  fputc                          
00004d69  putc                           
00004df5  __aeabi_cdcmpeq                
00004df5  __aeabi_cdcmple                
00004e7b  __aeabi_cdrcmple               
00004f01  __aeabi_memclr                 
00004f01  __aeabi_memclr4                
00004f01  __aeabi_memclr8                
00004f03  __aeabi_memset                 
00004f03  __aeabi_memset4                
00004f03  __aeabi_memset8                
00004f09  memset                         
00004f7d  SystemInit                     
00004ff5  malloc                         
0000506d  __TI_closefile                 
00005151  HOSTlseek                      
000051b9  HOSTrename                     
00005221  __TI_decompress_lzss           
00005289  kiss_fft_stride                
000052f1  fprintf                        
00005355  frexp                          
00005355  frexpl                         
000053b9  fseek                          
0000541d  __TI_wrt_ok                    
00005481  HOSTopen                       
000054e1  close                          
0000553d  HOSTread                       
00005595  HOSTwrite                      
00005643  ltoa                           
000056e9  __TI_doflush                   
00005735  atoi                           
00005781  exit                           
000057c9  __aeabi_d2iz                   
00005811  EUSCIA0_IRQHandler             
00005811  EUSCIA0_IRQHandler             
00005855  HOSTclose                      
00005899  HOSTunlink                     
000058dd  __TI_auto_init_nobinit_nopinit 
00005921  getdevice                      
000059e1  __TI_writemsg                  
00005a0f  C$$IO$$                        
00005a19  _c_int00_noargs                
00005a51  minit                          
00005a89  strncpy                        
00005ac1  __TI_cleanup                   
00005af5  __TI_readmsg                   
00005b29  finddevice                     
00005b59  __aeabi_i2d                    
00005b89  remove                         
00005b89  unlink                         
00005bb5  lseek                          
00005c05  write                          
00005c2d  CS_setDCOCenteredFrequency     
00005c51  UART_transmitData              
00005c75  memchr                         
00005c95  memccpy                        
00005cb1  WDT_A_holdTimer                
00005cc9  strcmp                         
00005ce1  kiss_fft                       
00005cf7  strchr                         
00005d0d  copysign                       
00005d0d  copysignl                      
00005d21  strcpy                         
00005d35  strlen                         
00005d49  __TI_zero_init_nomemset        
00005d5b  wcslen                         
00005d6d  __TI_decompress_none           
00005d7b  Reset_Handler                  
00005d89  __aeabi_errno_addr             
00005d95  _system_pre_init               
00005d99  C$$EXIT                        
00005d99  abort                          
00005da0  _Q16sqrt_coeffs                
00006078  _ctypes_                       
0000617c  uartConfig                     
00006214  __TI_Handler_Table_Base        
00006220  __TI_Handler_Table_Limit       
00006228  __TI_CINIT_Base                
00006238  __TI_CINIT_Limit               
20000000  _sys_memory                    
20001d70  _ftable                        
20001e60  _device                        
20001ed8  _stream                        
20001f28  __TI_ft_end                    
20001f2c  __aeabi_stdin                  
20001f30  __aeabi_stdout                 
20001f34  __aeabi_stderr                 
20001f38  __TI_cleanup_ptr               
20001f3c  __TI_dtors_ptr                 
20001f40  __TI_enable_exit_profile_output
20001f50  _lock                          
20001f54  _unlock                        
20001f58  errno                          
20001f5c  bytes                          
20001f60  __CIOBUF_                      
20002080  __TI_tmpnams                   
20002120  parmbuf                        
20002128  information_bytes              
2000212c  msg                            
2000fc00  __stack                        
20010000  __STACK_END                    
4000480c  WDTCTL_SYM                     
ffffffff  __TI_pprof_out_hndl            
ffffffff  __TI_prof_data_size            
ffffffff  __TI_prof_data_start           
ffffffff  __binit__                      
ffffffff  __c_args__                     
ffffffff  binit                          
UNDEFED   __mpu_init                     
UNDEFED   _system_post_cinit             

[200 symbols]
