******************************************************************************
                  TI ARM Linker PC v18.1.1                     
******************************************************************************
>> Linked Mon Jun 18 18:42:39 2018

OUTPUT FILE NAME:   <uart_FFT_kissFFT.out>
ENTRY POINT SYMBOL: "_c_int00_noargs"  address: 000059c1


MEMORY CONFIGURATION

         name            origin    length      used     unused   attr    fill
----------------------  --------  ---------  --------  --------  ----  --------
  MAIN                  00000000   00040000  000061dc  00039e24  R  X
  INFO                  00200000   00004000  00000000  00004000  R  X
  SRAM_CODE             01000000   00010000  00000dbd  0000f243  RW X
  SRAM_DATA             20000000   00010000  00000dbd  0000f243  RW  


SEGMENT ALLOCATION MAP

run origin  load origin   length   init length attrs members
----------  ----------- ---------- ----------- ----- -------
00000000    00000000    000061e0   000061e0    r-x
  00000000    00000000    000000e4   000000e4    r-- .intvecs
  000000e8    000000e8    00005c60   00005c60    r-x .text
  00005d48    00005d48    00000400   00000400    r-- .const
  00006148    00006148    00000098   00000098    r-- .cinit
20000000    20000000    00000bbd   00000000    rw-
  20000000    20000000    00000800   00000000    rw- .sysmem
  20000800    20000800    000001f0   00000000    rw- .data
  200009f0    200009f0    000001cd   00000000    rw- .bss
2000fe00    2000fe00    00000200   00000000    rw-
  2000fe00    2000fe00    00000200   00000000    rw- .stack


SECTION ALLOCATION MAP

 output                                  attributes/
section   page    origin      length       input sections
--------  ----  ----------  ----------   ----------------
.intvecs   0    00000000    000000e4     
                  00000000    000000e4     startup_msp432p401r_ccs.obj (.intvecs:retain)

.text      0    000000e8    00005c60     
                  000000e8    00000a5e     rtsv7M4_T_le_v4SPD16_eabi.lib : _printfi.c.obj (.text:__TI_printfi)
                  00000b46    00000002     startup_msp432p401r_ccs.obj (.text:Default_Handler)
                  00000b48    00000738     rtsv7M4_T_le_v4SPD16_eabi.lib : k_rem_pio2.c.obj (.text:__kernel_rem_pio2)
                  00001280    00000624     kiss_fft.obj (.text:kf_bfly5)
                  000018a4    000005dc     rtsv7M4_T_le_v4SPD16_eabi.lib : s_cos.c.obj (.text:cos)
                  00001e80    000005c4                                   : s_sin.c.obj (.text:sin)
                  00002444    000003be     kiss_fft.obj (.text:kf_bfly4)
                  00002802    000002dc     kiss_fft.obj (.text:kf_bfly3)
                  00002ade    00000002     rtsv7M4_T_le_v4SPD16_eabi.lib : _lock.c.obj (.text:_nop)
                  00002ae0    00000270                                   : _printfi.c.obj (.text:_pconv_a)
                  00002d50    0000026c     kiss_fftr.obj (.text:kiss_fftr)
                  00002fbc    000001e0     kiss_fftr.obj (.text:kiss_fftr_alloc)
                  0000319c    000001d6     kiss_fft.obj (.text:kf_bfly_generic)
                  00003372    00000002     rtsv7M4_T_le_v4SPD16_eabi.lib : div0.asm.obj (.text)
                  00003374    000001d0                                   : _printfi.c.obj (.text:_pconv_g)
                  00003544    000001b6                                   : fd_add_t2.asm.obj (.text)
                  000036fa    00000002     --HOLE-- [fill = 0]
                  000036fc    0000018c     kiss_fft.obj (.text:kiss_fft_alloc)
                  00003888    0000017c     uart_FFT_kissFFT.obj (.text:main)
                  00003a04    00000174     rtsv7M4_T_le_v4SPD16_eabi.lib : k_sin.c.obj (.text:__kernel_sin)
                  00003b78    0000016c                                   : k_cos.c.obj (.text:__kernel_cos)
                  00003ce4    00000158                                   : e_sqrt.c.obj (.text:sqrt)
                  00003e3c    0000013c                                   : _printfi.c.obj (.text:_pconv_e)
                  00003f78    00000136                                   : fd_div_t2.asm.obj (.text)
                  000040ae    00000002     --HOLE-- [fill = 0]
                  000040b0    00000120                                   : _printfi.c.obj (.text:fcvt)
                  000041d0    00000120     kiss_fft.obj (.text:kf_bfly2)
                  000042f0    00000114     rtsv7M4_T_le_v4SPD16_eabi.lib : fputs.c.obj (.text:fputs)
                  00004404    00000110                                   : s_scalbn.c.obj (.text:scalbn)
                  00004514    000000fc     kiss_fft.obj (.text:kf_work)
                  00004610    000000fc     rtsv7M4_T_le_v4SPD16_eabi.lib : fd_mul_t2.asm.obj (.text)
                  0000470c    000000f8                                   : s_floor.c.obj (.text:floor)
                  00004804    000000dc                                   : setvbuf.c.obj (.text:setvbuf)
                  000048e0    000000d8     QmathLib_CCS_MSP432.lib : _QNsqrt.obj (.text:_Qmag)
                  000049b8    000000d8     rtsv7M4_T_le_v4SPD16_eabi.lib : memory.c.obj (.text:free)
                  00004a90    000000b1                                   : _printfi.c.obj (.text:_ltostr)
                  00004b41    00000001     --HOLE-- [fill = 0]
                  00004b42    0000009c     kiss_fft.obj (.text:kf_factor)
                  00004bde    0000009c     rtsv7M4_T_le_v4SPD16_eabi.lib : memcpy_t2.asm.obj (.text)
                  00004c7a    00000096                                   : ull_div_t2.asm.obj (.text)
                  00004d10    0000008c                                   : fputc.c.obj (.text:fputc)
                  00004d9c    00000086                                   : fd_cmp_t2.asm.obj (.text:__aeabi_cdcmple)
                  00004e22    00000086                                   : fd_cmp_t2.asm.obj (.text:__aeabi_cdrcmple)
                  00004ea8    0000007a                                   : memset_t2.asm.obj (.text)
                  00004f22    00000002     --HOLE-- [fill = 0]
                  00004f24    00000078     system_msp432p401r.obj (.text:SystemInit)
                  00004f9c    00000078     rtsv7M4_T_le_v4SPD16_eabi.lib : memory.c.obj (.text:malloc)
                  00005014    00000074                                   : fclose.c.obj (.text:__TI_closefile)
                  00005088    0000006e                                   : _printfi.c.obj (.text:_mcpy)
                  000050f6    00000002     --HOLE-- [fill = 0]
                  000050f8    00000068                                   : hostlseek.c.obj (.text:HOSTlseek)
                  00005160    00000068                                   : hostrename.c.obj (.text:HOSTrename)
                  000051c8    00000068                                   : copy_decompress_lzss.c.obj (.text:decompress:lzss:__TI_decompress_lzss)
                  00005230    00000068     kiss_fft.obj (.text:kiss_fft_stride)
                  00005298    00000064     rtsv7M4_T_le_v4SPD16_eabi.lib : fprintf.c.obj (.text:fprintf)
                  000052fc    00000064                                   : s_frexp.c.obj (.text:frexp)
                  00005360    00000064                                   : fseek.c.obj (.text:fseek)
                  000053c4    00000062                                   : _io_perm.c.obj (.text:__TI_wrt_ok)
                  00005426    00000002     --HOLE-- [fill = 0]
                  00005428    00000060                                   : hostopen.c.obj (.text:HOSTopen)
                  00005488    0000005c                                   : close.c.obj (.text:close)
                  000054e4    00000058                                   : hostread.c.obj (.text:HOSTread)
                  0000553c    00000058                                   : hostwrite.c.obj (.text:HOSTwrite)
                  00005594    00000056                                   : _printfi.c.obj (.text:_pconv_f)
                  000055ea    00000054                                   : ltoa.c.obj (.text:ltoa)
                  0000563e    00000052                                   : _printfi.c.obj (.text:_ecpy)
                  00005690    0000004c                                   : fflush.c.obj (.text:__TI_doflush)
                  000056dc    0000004c                                   : atoi.c.obj (.text:atoi)
                  00005728    00000048                                   : exit.c.obj (.text:exit)
                  00005770    00000048                                   : fd_toi_t2.asm.obj (.text)
                  000057b8    00000044     uart_FFT_kissFFT.obj (.text:EUSCIA0_IRQHandler)
                  000057fc    00000044     rtsv7M4_T_le_v4SPD16_eabi.lib : hostclose.c.obj (.text:HOSTclose)
                  00005840    00000044                                   : hostunlink.c.obj (.text:HOSTunlink)
                  00005884    00000044                                   : autoinit.c.obj (.text:__TI_auto_init_nobinit_nopinit:__TI_auto_init_nobinit_nopinit)
                  000058c8    00000044                                   : getdevice.c.obj (.text:getdevice)
                  0000590c    0000003e                                   : _printfi.c.obj (.text:_fcpy)
                  0000594a    00000002     --HOLE-- [fill = 0]
                  0000594c    0000003c                                   : memory.c.obj (.text:minsert)
                  00005988    00000038                                   : trgmsg.c.obj (.text:__TI_writemsg)
                  000059c0    00000038                                   : boot_cortex_m.c.obj (.text:_c_int00_noargs:_c_int00_noargs)
                  000059f8    00000038                                   : memory.c.obj (.text:minit)
                  00005a30    00000036                                   : strncpy.c.obj (.text:strncpy)
                  00005a66    00000002     --HOLE-- [fill = 0]
                  00005a68    00000034                                   : fopen.c.obj (.text:__TI_cleanup)
                  00005a9c    00000034                                   : trgmsg.c.obj (.text:__TI_readmsg)
                  00005ad0    00000030                                   : getdevice.c.obj (.text:finddevice)
                  00005b00    0000002e                                   : i_tofd_t2.asm.obj (.text)
                  00005b2e    00000002     --HOLE-- [fill = 0]
                  00005b30    0000002c                                   : unlink.c.obj (.text:unlink)
                  00005b5c    00000028                                   : lseek.c.obj (.text:lseek)
                  00005b84    00000028                                   : memory.c.obj (.text:mremove)
                  00005bac    00000028                                   : write.c.obj (.text:write)
                  00005bd4    00000024     msp432p4xx_driverlib.lib : cs_MSP432P4XX.obj (.text:CS_setDCOCenteredFrequency)
                  00005bf8    00000024                              : uart_MSP432P4XX.obj (.text:UART_transmitData)
                  00005c1c    00000020     rtsv7M4_T_le_v4SPD16_eabi.lib : memchr.c.obj (.text:memchr)
                  00005c3c    0000001c                                   : memccpy.c.obj (.text:memccpy)
                  00005c58    00000018     msp432p4xx_driverlib.lib : wdt_a_MSP432P4XX.obj (.text:WDT_A_holdTimer)
                  00005c70    00000018     rtsv7M4_T_le_v4SPD16_eabi.lib : strcmp.c.obj (.text:strcmp)
                  00005c88    00000016     kiss_fft.obj (.text:kiss_fft)
                  00005c9e    00000016     rtsv7M4_T_le_v4SPD16_eabi.lib : strchr.c.obj (.text:strchr)
                  00005cb4    00000014                                   : s_copysign.c.obj (.text:copysign)
                  00005cc8    00000014                                   : strcpy.c.obj (.text:strcpy)
                  00005cdc    00000014                                   : strlen.c.obj (.text:strlen)
                  00005cf0    00000012                                   : copy_zero_init.c.obj (.text:decompress:ZI:__TI_zero_init_nomemset:__TI_zero_init_nomemset)
                  00005d02    00000012                                   : wcslen.c.obj (.text:wcslen)
                  00005d14    0000000e                                   : copy_decompress_none.c.obj (.text:decompress:none:__TI_decompress_none)
                  00005d22    0000000c     startup_msp432p401r_ccs.obj (.text:Reset_Handler)
                  00005d2e    00000002     --HOLE-- [fill = 0]
                  00005d30    00000008     rtsv7M4_T_le_v4SPD16_eabi.lib : errno.c.obj (.text:__aeabi_errno_addr)
                  00005d38    00000004                                   : fprintf.c.obj (.text:_outc)
                  00005d3c    00000004                                   : fprintf.c.obj (.text:_outs)
                  00005d40    00000004                                   : pre_init.c.obj (.text:_system_pre_init)
                  00005d44    00000004                                   : exit.c.obj (.text:abort:abort)

.const     0    00005d48    00000400     
                  00005d48    00000180     QmathLib_CCS_MSP432.lib : _QNtables.obj (.const:_Q16sqrt_coeffs)
                  00005ec8    00000158     rtsv7M4_T_le_v4SPD16_eabi.lib : k_rem_pio2.c.obj (.const:$O1$$)
                  00006020    00000101                                   : ctype.c.obj (.const:.string:_ctypes_)
                  00006121    00000003     --HOLE-- [fill = 0]
                  00006124    00000024     uart_FFT_kissFFT.obj (.const:uartConfig)

.cinit     0    00006148    00000098     
                  00006148    0000006e     (.cinit..data.load) [load image, compression = lzss]
                  000061b6    00000002     --HOLE-- [fill = 0]
                  000061b8    0000000c     (__TI_handler_table)
                  000061c4    00000004     --HOLE-- [fill = 0]
                  000061c8    00000008     (.cinit..bss.load) [load image, compression = zero_init]
                  000061d0    00000010     (__TI_cinit_table)

.init_array 
*          0    00000000    00000000     UNINITIALIZED

.binit     0    00000000    00000000     

.sysmem    0    20000000    00000800     UNINITIALIZED
                  20000000    00000008     rtsv7M4_T_le_v4SPD16_eabi.lib : memory.c.obj (.sysmem)
                  20000008    000007f8     --HOLE--

.data      0    20000800    000001f0     UNINITIALIZED
                  20000800    000000f0     rtsv7M4_T_le_v4SPD16_eabi.lib : defs.c.obj (.data:_ftable)
                  200008f0    00000078                                   : write.c.obj (.data:_device)
                  20000968    00000050                                   : write.c.obj (.data:_stream)
                  200009b8    00000010                                   : defs.c.obj (.data)
                  200009c8    0000000c                                   : exit.c.obj (.data:$O1$$)
                  200009d4    0000000c                                   : memory.c.obj (.data:$O1$$)
                  200009e0    00000008                                   : _lock.c.obj (.data:$O1$$)
                  200009e8    00000004                                   : errno.c.obj (.data)
                  200009ec    00000004     uart_FFT_kissFFT.obj (.data)

.bss       0    200009f0    000001cd     UNINITIALIZED
                  200009f0    00000120     rtsv7M4_T_le_v4SPD16_eabi.lib : trgmsg.c.obj (.bss:_CIOBUF_)
                  20000b10    000000a0     (.common:__TI_tmpnams)
                  20000bb0    00000008     (.common:parmbuf)
                  20000bb8    00000004     (.common:information_bytes)
                  20000bbc    00000001     (.common:msg)

.stack     0    2000fe00    00000200     UNINITIALIZED
                  2000fe00    00000004     rtsv7M4_T_le_v4SPD16_eabi.lib : boot_cortex_m.c.obj (.stack)
                  2000fe04    000001fc     --HOLE--

MODULE SUMMARY

       Module                        code    ro data   rw data
       ------                        ----    -------   -------
    .\
       uart_FFT_kissFFT.obj          448     36        18     
       system_msp432p401r.obj        120     0         0      
    +--+-----------------------------+-------+---------+---------+
       Total:                        568     36        18     
                                                              
    .\ccs\
       startup_msp432p401r_ccs.obj   14      228       0      
    +--+-----------------------------+-------+---------+---------+
       Total:                        14      228       0      
                                                              
    .\kissFFT\
       kiss_fft.obj                  4950    0         0      
       kiss_fftr.obj                 1100    0         0      
    +--+-----------------------------+-------+---------+---------+
       Total:                        6050    0         0      
                                                              
    C:/ti/simplelink_msp432p4_sdk_2_10_00_14/source/ti/devices/msp432p4xx/driverlib/ccs/msp432p4xx_driverlib.lib
       cs_MSP432P4XX.obj             36      0         0      
       uart_MSP432P4XX.obj           36      0         0      
       wdt_a_MSP432P4XX.obj          24      0         0      
    +--+-----------------------------+-------+---------+---------+
       Total:                        96      0         0      
                                                              
    C:/ti/simplelink_msp432p4_sdk_2_10_00_14/source/ti/iqmathlib/ccs/QmathLib_CCS_MSP432.lib
       _QNtables.obj                 0       384       0      
       _QNsqrt.obj                   216     0         0      
    +--+-----------------------------+-------+---------+---------+
       Total:                        216     384       0      
                                                              
    C:\ti\ccsv8\tools\compiler\ti-cgt-arm_18.1.1.LTS\lib\rtsv7M4_T_le_v4SPD16_eabi.lib
       _printfi.c.obj                4863    0         0      
       k_rem_pio2.c.obj              1848    344       0      
       s_cos.c.obj                   1500    0         0      
       s_sin.c.obj                   1476    0         0      
       defs.c.obj                    0       0         832    
       trgmsg.c.obj                  108     0         576    
       memory.c.obj                  492     0         24     
       write.c.obj                   40      0         400    
       fd_add_t2.asm.obj             438     0         0      
       k_sin.c.obj                   372     0         0      
       k_cos.c.obj                   364     0         0      
       e_sqrt.c.obj                  344     0         0      
       fd_div_t2.asm.obj             310     0         0      
       fputs.c.obj                   276     0         0      
       s_scalbn.c.obj                272     0         0      
       fd_cmp_t2.asm.obj             268     0         0      
       ctype.c.obj                   0       257       0      
       fd_mul_t2.asm.obj             252     0         0      
       s_floor.c.obj                 248     0         0      
       setvbuf.c.obj                 220     0         0      
       memcpy_t2.asm.obj             156     0         0      
       ull_div_t2.asm.obj            150     0         0      
       fputc.c.obj                   140     0         0      
       memset_t2.asm.obj             122     0         0      
       fclose.c.obj                  116     0         0      
       getdevice.c.obj               116     0         0      
       hostopen.c.obj                96      0         16     
       fprintf.c.obj                 108     0         0      
       copy_decompress_lzss.c.obj    104     0         0      
       hostlseek.c.obj               104     0         0      
       hostrename.c.obj              104     0         0      
       exit.c.obj                    76      0         24     
       fseek.c.obj                   100     0         0      
       s_frexp.c.obj                 100     0         0      
       _io_perm.c.obj                98      0         0      
       close.c.obj                   92      0         0      
       hostread.c.obj                88      0         0      
       hostwrite.c.obj               88      0         0      
       ltoa.c.obj                    84      0         0      
       atoi.c.obj                    76      0         0      
       fflush.c.obj                  76      0         0      
       fd_toi_t2.asm.obj             72      0         0      
       autoinit.c.obj                68      0         0      
       hostclose.c.obj               68      0         0      
       hostunlink.c.obj              68      0         0      
       boot_cortex_m.c.obj           56      0         0      
       strncpy.c.obj                 54      0         0      
       fopen.c.obj                   52      0         0      
       i_tofd_t2.asm.obj             46      0         0      
       unlink.c.obj                  44      0         0      
       lseek.c.obj                   40      0         0      
       memchr.c.obj                  32      0         0      
       memccpy.c.obj                 28      0         0      
       strcmp.c.obj                  24      0         0      
       strchr.c.obj                  22      0         0      
       s_copysign.c.obj              20      0         0      
       strcpy.c.obj                  20      0         0      
       strlen.c.obj                  20      0         0      
       _lock.c.obj                   2       0         16     
       copy_zero_init.c.obj          18      0         0      
       wcslen.c.obj                  18      0         0      
       errno.c.obj                   8       0         8      
       copy_decompress_none.c.obj    14      0         0      
       pre_init.c.obj                4       0         0      
       div0.asm.obj                  2       0         0      
    +--+-----------------------------+-------+---------+---------+
       Total:                        16685   601       1896   
                                                              
       Heap:                         0       0         4096   
       Stack:                        0       0         1024   
       Linker Generated:             0       146       0      
    +--+-----------------------------+-------+---------+---------+
       Grand Total:                  23629   1395      7034   


LINKER GENERATED COPY TABLES

__TI_cinit_table @ 000061d0 records: 2, size/record: 8, table size: 16
	.data: load addr=00006148, load size=0000006e bytes, run addr=20000800, run size=000001f0 bytes, compression=lzss
	.bss: load addr=000061c8, load size=00000008 bytes, run addr=200009f0, run size=000001cd bytes, compression=zero_init


LINKER GENERATED HANDLER TABLE

__TI_handler_table @ 000061b8 records: 3, size/record: 4, table size: 12
	index: 0, handler: __TI_decompress_lzss
	index: 1, handler: __TI_decompress_none
	index: 2, handler: __TI_zero_init


GLOBAL SYMBOLS: SORTED ALPHABETICALLY BY Name 

address   name                           
-------   ----                           
00000b47  ADC14_IRQHandler               
00000b47  AES256_IRQHandler              
00000b47  BusFault_Handler               
00005d45  C$$EXIT                        
000059b7  C$$IO$$                        
00000b47  COMP_E0_IRQHandler             
00000b47  COMP_E1_IRQHandler             
00000b47  CS_IRQHandler                  
00005bd5  CS_setDCOCenteredFrequency     
00000b47  DMA_ERR_IRQHandler             
00000b47  DMA_INT0_IRQHandler            
00000b47  DMA_INT1_IRQHandler            
00000b47  DMA_INT2_IRQHandler            
00000b47  DMA_INT3_IRQHandler            
00000b47  DebugMon_Handler               
00000b47  Default_Handler                
000057b9  EUSCIA0_IRQHandler             
000057b9  EUSCIA0_IRQHandler             
00000b47  EUSCIA1_IRQHandler             
00000b47  EUSCIA2_IRQHandler             
00000b47  EUSCIA3_IRQHandler             
00000b47  EUSCIB0_IRQHandler             
00000b47  EUSCIB1_IRQHandler             
00000b47  EUSCIB2_IRQHandler             
00000b47  EUSCIB3_IRQHandler             
00000b47  FLCTL_IRQHandler               
00000b47  FPU_IRQHandler                 
000057fd  HOSTclose                      
000050f9  HOSTlseek                      
00005429  HOSTopen                       
000054e5  HOSTread                       
00005161  HOSTrename                     
00005841  HOSTunlink                     
0000553d  HOSTwrite                      
00000b47  HardFault_Handler              
00000b47  MemManage_Handler              
00000b47  NMI_Handler                    
00000b47  PCM_IRQHandler                 
00000b47  PORT1_IRQHandler               
00000b47  PORT2_IRQHandler               
00000b47  PORT3_IRQHandler               
00000b47  PORT4_IRQHandler               
00000b47  PORT5_IRQHandler               
00000b47  PORT6_IRQHandler               
00000b47  PSS_IRQHandler                 
00000b47  PendSV_Handler                 
00000b47  RTC_C_IRQHandler               
00005d23  Reset_Handler                  
00000b47  SVC_Handler                    
00000b47  SysTick_Handler                
00004f25  SystemInit                     
00000b47  T32_INT1_IRQHandler            
00000b47  T32_INT2_IRQHandler            
00000b47  T32_INTC_IRQHandler            
00000b47  TA0_0_IRQHandler               
00000b47  TA0_N_IRQHandler               
00000b47  TA1_0_IRQHandler               
00000b47  TA1_N_IRQHandler               
00000b47  TA2_0_IRQHandler               
00000b47  TA2_N_IRQHandler               
00000b47  TA3_0_IRQHandler               
00000b47  TA3_N_IRQHandler               
00005bf9  UART_transmitData              
00000b47  UsageFault_Handler             
4000480c  WDTCTL_SYM                     
00000b47  WDT_A_IRQHandler               
00005c59  WDT_A_holdTimer                
00005d48  _Q16sqrt_coeffs                
000048e1  _Qmag                          
200009f0  __CIOBUF_                      
20010000  __STACK_END                    
00000200  __STACK_SIZE                   
00000800  __SYSMEM_SIZE                  
000061d0  __TI_CINIT_Base                
000061e0  __TI_CINIT_Limit               
000061b8  __TI_Handler_Table_Base        
000061c4  __TI_Handler_Table_Limit       
00005885  __TI_auto_init_nobinit_nopinit 
00005a69  __TI_cleanup                   
200009c8  __TI_cleanup_ptr               
00005015  __TI_closefile                 
000051c9  __TI_decompress_lzss           
00005d15  __TI_decompress_none           
00005691  __TI_doflush                   
200009cc  __TI_dtors_ptr                 
200009d0  __TI_enable_exit_profile_output
200009b8  __TI_ft_end                    
ffffffff  __TI_pprof_out_hndl            
000000e9  __TI_printfi                   
ffffffff  __TI_prof_data_size            
ffffffff  __TI_prof_data_start           
00005a9d  __TI_readmsg                   
00000000  __TI_static_base__             
20000b10  __TI_tmpnams                   
00005989  __TI_writemsg                  
000053c5  __TI_wrt_ok                    
00005cf1  __TI_zero_init_nomemset        
00004d9d  __aeabi_cdcmpeq                
00004d9d  __aeabi_cdcmple                
00004e23  __aeabi_cdrcmple               
00005771  __aeabi_d2iz                   
0000354f  __aeabi_dadd                   
00003f79  __aeabi_ddiv                   
00004611  __aeabi_dmul                   
00003545  __aeabi_dsub                   
00005d31  __aeabi_errno_addr             
00005b01  __aeabi_i2d                    
00003373  __aeabi_idiv0                  
00003373  __aeabi_ldiv0                  
00004ea9  __aeabi_memclr                 
00004ea9  __aeabi_memclr4                
00004ea9  __aeabi_memclr8                
00004bdf  __aeabi_memcpy                 
00004bdf  __aeabi_memcpy4                
00004bdf  __aeabi_memcpy8                
00004eab  __aeabi_memset                 
00004eab  __aeabi_memset4                
00004eab  __aeabi_memset8                
200009c4  __aeabi_stderr                 
200009bc  __aeabi_stdin                  
200009c0  __aeabi_stdout                 
00004c7b  __aeabi_uldivmod               
ffffffff  __binit__                      
ffffffff  __c_args__                     
00003b79  __kernel_cos                   
00000b49  __kernel_rem_pio2              
00003a05  __kernel_sin                   
UNDEFED   __mpu_init                     
2000fe00  __stack                        
000059c1  _c_int00_noargs                
00006020  _ctypes_                       
200008f0  _device                        
20000800  _ftable                        
200009e0  _lock                          
00002adf  _nop                           
20000968  _stream                        
20000000  _sys_memory                    
UNDEFED   _system_post_cinit             
00005d41  _system_pre_init               
200009e4  _unlock                        
00005d45  abort                          
000056dd  atoi                           
ffffffff  binit                          
200009ec  bytes                          
00005489  close                          
00005cb5  copysign                       
00005cb5  copysignl                      
000018a5  cos                            
000018a5  cosl                           
200009e8  errno                          
00005729  exit                           
00005ad1  finddevice                     
0000470d  floor                          
0000470d  floorl                         
00005299  fprintf                        
00004d11  fputc                          
000042f1  fputs                          
000049b9  free                           
000052fd  frexp                          
000052fd  frexpl                         
00005361  fseek                          
000058c9  getdevice                      
20000bb8  information_bytes              
00000000  interruptVectors               
00005c89  kiss_fft                       
000036fd  kiss_fft_alloc                 
00005231  kiss_fft_stride                
00002d51  kiss_fftr                      
00002fbd  kiss_fftr_alloc                
00004405  ldexp                          
00004405  ldexpl                         
00005b5d  lseek                          
000055eb  ltoa                           
00003889  main                           
00004f9d  malloc                         
00005c3d  memccpy                        
00005c1d  memchr                         
00004bdf  memcpy                         
00004eb1  memset                         
000059f9  minit                          
20000bbc  msg                            
20000bb0  parmbuf                        
00004d11  putc                           
00005b31  remove                         
00004405  scalbn                         
00004405  scalbnl                        
00004805  setvbuf                        
00001e81  sin                            
00001e81  sinl                           
00003ce5  sqrt                           
00003ce5  sqrtl                          
00005c9f  strchr                         
00005c71  strcmp                         
00005cc9  strcpy                         
00005cdd  strlen                         
00005a31  strncpy                        
00006124  uartConfig                     
00005b31  unlink                         
00005d03  wcslen                         
00005bad  write                          


GLOBAL SYMBOLS: SORTED BY Symbol Address 

address   name                           
-------   ----                           
00000000  __TI_static_base__             
00000000  interruptVectors               
000000e9  __TI_printfi                   
00000200  __STACK_SIZE                   
00000800  __SYSMEM_SIZE                  
00000b47  ADC14_IRQHandler               
00000b47  AES256_IRQHandler              
00000b47  BusFault_Handler               
00000b47  COMP_E0_IRQHandler             
00000b47  COMP_E1_IRQHandler             
00000b47  CS_IRQHandler                  
00000b47  DMA_ERR_IRQHandler             
00000b47  DMA_INT0_IRQHandler            
00000b47  DMA_INT1_IRQHandler            
00000b47  DMA_INT2_IRQHandler            
00000b47  DMA_INT3_IRQHandler            
00000b47  DebugMon_Handler               
00000b47  Default_Handler                
00000b47  EUSCIA1_IRQHandler             
00000b47  EUSCIA2_IRQHandler             
00000b47  EUSCIA3_IRQHandler             
00000b47  EUSCIB0_IRQHandler             
00000b47  EUSCIB1_IRQHandler             
00000b47  EUSCIB2_IRQHandler             
00000b47  EUSCIB3_IRQHandler             
00000b47  FLCTL_IRQHandler               
00000b47  FPU_IRQHandler                 
00000b47  HardFault_Handler              
00000b47  MemManage_Handler              
00000b47  NMI_Handler                    
00000b47  PCM_IRQHandler                 
00000b47  PORT1_IRQHandler               
00000b47  PORT2_IRQHandler               
00000b47  PORT3_IRQHandler               
00000b47  PORT4_IRQHandler               
00000b47  PORT5_IRQHandler               
00000b47  PORT6_IRQHandler               
00000b47  PSS_IRQHandler                 
00000b47  PendSV_Handler                 
00000b47  RTC_C_IRQHandler               
00000b47  SVC_Handler                    
00000b47  SysTick_Handler                
00000b47  T32_INT1_IRQHandler            
00000b47  T32_INT2_IRQHandler            
00000b47  T32_INTC_IRQHandler            
00000b47  TA0_0_IRQHandler               
00000b47  TA0_N_IRQHandler               
00000b47  TA1_0_IRQHandler               
00000b47  TA1_N_IRQHandler               
00000b47  TA2_0_IRQHandler               
00000b47  TA2_N_IRQHandler               
00000b47  TA3_0_IRQHandler               
00000b47  TA3_N_IRQHandler               
00000b47  UsageFault_Handler             
00000b47  WDT_A_IRQHandler               
00000b49  __kernel_rem_pio2              
000018a5  cos                            
000018a5  cosl                           
00001e81  sin                            
00001e81  sinl                           
00002adf  _nop                           
00002d51  kiss_fftr                      
00002fbd  kiss_fftr_alloc                
00003373  __aeabi_idiv0                  
00003373  __aeabi_ldiv0                  
00003545  __aeabi_dsub                   
0000354f  __aeabi_dadd                   
000036fd  kiss_fft_alloc                 
00003889  main                           
00003a05  __kernel_sin                   
00003b79  __kernel_cos                   
00003ce5  sqrt                           
00003ce5  sqrtl                          
00003f79  __aeabi_ddiv                   
000042f1  fputs                          
00004405  ldexp                          
00004405  ldexpl                         
00004405  scalbn                         
00004405  scalbnl                        
00004611  __aeabi_dmul                   
0000470d  floor                          
0000470d  floorl                         
00004805  setvbuf                        
000048e1  _Qmag                          
000049b9  free                           
00004bdf  __aeabi_memcpy                 
00004bdf  __aeabi_memcpy4                
00004bdf  __aeabi_memcpy8                
00004bdf  memcpy                         
00004c7b  __aeabi_uldivmod               
00004d11  fputc                          
00004d11  putc                           
00004d9d  __aeabi_cdcmpeq                
00004d9d  __aeabi_cdcmple                
00004e23  __aeabi_cdrcmple               
00004ea9  __aeabi_memclr                 
00004ea9  __aeabi_memclr4                
00004ea9  __aeabi_memclr8                
00004eab  __aeabi_memset                 
00004eab  __aeabi_memset4                
00004eab  __aeabi_memset8                
00004eb1  memset                         
00004f25  SystemInit                     
00004f9d  malloc                         
00005015  __TI_closefile                 
000050f9  HOSTlseek                      
00005161  HOSTrename                     
000051c9  __TI_decompress_lzss           
00005231  kiss_fft_stride                
00005299  fprintf                        
000052fd  frexp                          
000052fd  frexpl                         
00005361  fseek                          
000053c5  __TI_wrt_ok                    
00005429  HOSTopen                       
00005489  close                          
000054e5  HOSTread                       
0000553d  HOSTwrite                      
000055eb  ltoa                           
00005691  __TI_doflush                   
000056dd  atoi                           
00005729  exit                           
00005771  __aeabi_d2iz                   
000057b9  EUSCIA0_IRQHandler             
000057b9  EUSCIA0_IRQHandler             
000057fd  HOSTclose                      
00005841  HOSTunlink                     
00005885  __TI_auto_init_nobinit_nopinit 
000058c9  getdevice                      
00005989  __TI_writemsg                  
000059b7  C$$IO$$                        
000059c1  _c_int00_noargs                
000059f9  minit                          
00005a31  strncpy                        
00005a69  __TI_cleanup                   
00005a9d  __TI_readmsg                   
00005ad1  finddevice                     
00005b01  __aeabi_i2d                    
00005b31  remove                         
00005b31  unlink                         
00005b5d  lseek                          
00005bad  write                          
00005bd5  CS_setDCOCenteredFrequency     
00005bf9  UART_transmitData              
00005c1d  memchr                         
00005c3d  memccpy                        
00005c59  WDT_A_holdTimer                
00005c71  strcmp                         
00005c89  kiss_fft                       
00005c9f  strchr                         
00005cb5  copysign                       
00005cb5  copysignl                      
00005cc9  strcpy                         
00005cdd  strlen                         
00005cf1  __TI_zero_init_nomemset        
00005d03  wcslen                         
00005d15  __TI_decompress_none           
00005d23  Reset_Handler                  
00005d31  __aeabi_errno_addr             
00005d41  _system_pre_init               
00005d45  C$$EXIT                        
00005d45  abort                          
00005d48  _Q16sqrt_coeffs                
00006020  _ctypes_                       
00006124  uartConfig                     
000061b8  __TI_Handler_Table_Base        
000061c4  __TI_Handler_Table_Limit       
000061d0  __TI_CINIT_Base                
000061e0  __TI_CINIT_Limit               
20000000  _sys_memory                    
20000800  _ftable                        
200008f0  _device                        
20000968  _stream                        
200009b8  __TI_ft_end                    
200009bc  __aeabi_stdin                  
200009c0  __aeabi_stdout                 
200009c4  __aeabi_stderr                 
200009c8  __TI_cleanup_ptr               
200009cc  __TI_dtors_ptr                 
200009d0  __TI_enable_exit_profile_output
200009e0  _lock                          
200009e4  _unlock                        
200009e8  errno                          
200009ec  bytes                          
200009f0  __CIOBUF_                      
20000b10  __TI_tmpnams                   
20000bb0  parmbuf                        
20000bb8  information_bytes              
20000bbc  msg                            
2000fe00  __stack                        
20010000  __STACK_END                    
4000480c  WDTCTL_SYM                     
ffffffff  __TI_pprof_out_hndl            
ffffffff  __TI_prof_data_size            
ffffffff  __TI_prof_data_start           
ffffffff  __binit__                      
ffffffff  __c_args__                     
ffffffff  binit                          
UNDEFED   __mpu_init                     
UNDEFED   _system_post_cinit             

[200 symbols]
