******************************************************************************
                  TI ARM Linker PC v18.1.1                     
******************************************************************************
>> Linked Thu Jun 14 20:31:36 2018

OUTPUT FILE NAME:   <uart_FFT_calculate_and_send.out>
ENTRY POINT SYMBOL: "_c_int00_noargs"  address: 00000b95


MEMORY CONFIGURATION

         name            origin    length      used     unused   attr    fill
----------------------  --------  ---------  --------  --------  ----  --------
  MAIN                  00000000   00040000  00001260  0003eda0  R  X
  INFO                  00200000   00004000  00000000  00004000  R  X
  SRAM_CODE             01000000   00010000  00000349  0000fcb7  RW X
  SRAM_DATA             20000000   00010000  00000349  0000fcb7  RW  


SEGMENT ALLOCATION MAP

run origin  load origin   length   init length attrs members
----------  ----------- ---------- ----------- ----- -------
00000000    00000000    00001268   00001268    r-x
  00000000    00000000    000000e4   000000e4    r-- .intvecs
  000000e8    000000e8    00000b7e   00000b7e    r-x .text
  00000c68    00000c68    000005ce   000005ce    r-- .const
  00001238    00001238    00000030   00000030    r-- .cinit
20000000    20000000    0000014c   00000000    rw-
  20000000    20000000    00000145   00000000    rw- .bss
  20000148    20000148    00000004   00000000    rw- .data
2000fe00    2000fe00    00000200   00000000    rw-
  2000fe00    2000fe00    00000200   00000000    rw- .stack


SECTION ALLOCATION MAP

 output                                  attributes/
section   page    origin      length       input sections
--------  ----  ----------  ----------   ----------------
.intvecs   0    00000000    000000e4     
                  00000000    000000e4     startup_msp432p401r_ccs.obj (.intvecs:retain)

.text      0    000000e8    00000b7e     
                  000000e8    00000260     uart_pc_echo_12mhz_brclk.obj (.text:main)
                  00000348    000001d4     uart_pc_echo_12mhz_brclk.obj (.text:cFFT)
                  0000051c    00000004     rtsv7M4_T_le_v4SPD16_eabi.lib : pre_init.c.obj (.text:_system_pre_init)
                  00000520    000000ee     QmathLib_CCS_MSP432.lib : _QNdiv.obj (.text:_Q12div)
                  0000060e    00000002     startup_msp432p401r_ccs.obj (.text:Default_Handler)
                  00000610    000000e8     uart_pc_echo_12mhz_brclk.obj (.text:cBitReverse)
                  000006f8    000000de     QmathLib_CCS_MSP432.lib : _QNsin_cos.obj (.text:_Q12cos)
                  000007d6    00000002     --HOLE-- [fill = 0]
                  000007d8    000000de                             : _QNsin_cos.obj (.text:_Q12sin)
                  000008b6    00000002     --HOLE-- [fill = 0]
                  000008b8    000000d8                             : _QNsqrt.obj (.text:_Qmag)
                  00000990    0000009c     rtsv7M4_T_le_v4SPD16_eabi.lib : memcpy_t2.asm.obj (.text)
                  00000a2c    00000078     system_msp432p401r.obj (.text:SystemInit)
                  00000aa4    00000068     rtsv7M4_T_le_v4SPD16_eabi.lib : copy_decompress_lzss.c.obj (.text:decompress:lzss:__TI_decompress_lzss)
                  00000b0c    00000044     uart_pc_echo_12mhz_brclk.obj (.text:EUSCIA0_IRQHandler)
                  00000b50    00000044     rtsv7M4_T_le_v4SPD16_eabi.lib : autoinit.c.obj (.text:__TI_auto_init_nobinit_nopinit:__TI_auto_init_nobinit_nopinit)
                  00000b94    00000038                                   : boot_cortex_m.c.obj (.text:_c_int00_noargs:_c_int00_noargs)
                  00000bcc    00000024     msp432p4xx_driverlib.lib : cs_MSP432P4XX.obj (.text:CS_setDCOCenteredFrequency)
                  00000bf0    00000024                              : uart_MSP432P4XX.obj (.text:UART_transmitData)
                  00000c14    00000018                              : wdt_a_MSP432P4XX.obj (.text:WDT_A_holdTimer)
                  00000c2c    00000012     rtsv7M4_T_le_v4SPD16_eabi.lib : copy_zero_init.c.obj (.text:decompress:ZI:__TI_zero_init_nomemset:__TI_zero_init_nomemset)
                  00000c3e    0000000e                                   : copy_decompress_none.c.obj (.text:decompress:none:__TI_decompress_none)
                  00000c4c    0000000c     startup_msp432p401r_ccs.obj (.text:Reset_Handler)
                  00000c58    0000000a     QmathLib_CCS_MSP432.lib : _QNmpy.obj (.text:_Q12mpy)
                  00000c62    00000004     rtsv7M4_T_le_v4SPD16_eabi.lib : exit.c.obj (.text:abort:abort)

.const     0    00000c68    000005ce     
                  00000c68    00000200     QmathLib_CCS_MSP432.lib : _QNtables.obj (.const:_Q16div_coeffs)
                  00000e68    00000180                             : _QNtables.obj (.const:_Q16sqrt_coeffs)
                  00000fe8    00000100     uart_pc_echo_12mhz_brclk.obj (.const:.string:ui8BitRevLUT)
                  000010e8    0000006c     QmathLib_CCS_MSP432.lib : _QNtables.obj (.const:_QNCosLookup)
                  00001154    0000006c                             : _QNtables.obj (.const:_QNSinLookup)
                  000011c0    00000040                             : _QNtables.obj (.const:_QNCos2Lookup)
                  00001200    00000024     uart_pc_echo_12mhz_brclk.obj (.const:uartConfig)
                  00001224    00000012     uart_pc_echo_12mhz_brclk.obj (.const:signals)

.cinit     0    00001238    00000030     
                  00001238    0000000c     (__TI_handler_table)
                  00001244    00000004     --HOLE-- [fill = 0]
                  00001248    00000008     (.cinit..bss.load) [load image, compression = zero_init]
                  00001250    00000007     (.cinit..data.load) [load image, compression = lzss]
                  00001257    00000001     --HOLE-- [fill = 0]
                  00001258    00000010     (__TI_cinit_table)

.init_array 
*          0    00000000    00000000     UNINITIALIZED

.binit     0    00000000    00000000     

.bss       0    20000000    00000145     UNINITIALIZED
                  20000000    00000100     (.common:qInput)
                  20000100    00000040     (.common:qMag)
                  20000140    00000004     (.common:information_bytes)
                  20000144    00000001     (.common:msg)

.data      0    20000148    00000004     UNINITIALIZED
                  20000148    00000004     uart_pc_echo_12mhz_brclk.obj (.data)

.stack     0    2000fe00    00000200     UNINITIALIZED
                  2000fe00    00000004     rtsv7M4_T_le_v4SPD16_eabi.lib : boot_cortex_m.c.obj (.stack)
                  2000fe04    000001fc     --HOLE--

MODULE SUMMARY

       Module                         code   ro data   rw data
       ------                         ----   -------   -------
    .\
       uart_pc_echo_12mhz_brclk.obj   1376   310       658    
       system_msp432p401r.obj         120    0         0      
    +--+------------------------------+------+---------+---------+
       Total:                         1496   310       658    
                                                              
    .\ccs\
       startup_msp432p401r_ccs.obj    14     228       0      
    +--+------------------------------+------+---------+---------+
       Total:                         14     228       0      
                                                              
    C:/ti/simplelink_msp432p4_sdk_2_10_00_14/source/ti/devices/msp432p4xx/driverlib/ccs/msp432p4xx_driverlib.lib
       cs_MSP432P4XX.obj              36     0         0      
       uart_MSP432P4XX.obj            36     0         0      
       wdt_a_MSP432P4XX.obj           24     0         0      
    +--+------------------------------+------+---------+---------+
       Total:                         96     0         0      
                                                              
    C:/ti/simplelink_msp432p4_sdk_2_10_00_14/source/ti/iqmathlib/ccs/QmathLib_CCS_MSP432.lib
       _QNtables.obj                  0      1176      0      
       _QNsin_cos.obj                 444    0         0      
       _QNdiv.obj                     238    0         0      
       _QNsqrt.obj                    216    0         0      
       _QNmpy.obj                     10     0         0      
    +--+------------------------------+------+---------+---------+
       Total:                         908    1176      0      
                                                              
    C:\ti\ccsv8\tools\compiler\ti-cgt-arm_18.1.1.LTS\lib\rtsv7M4_T_le_v4SPD16_eabi.lib
       memcpy_t2.asm.obj              156    0         0      
       copy_decompress_lzss.c.obj     104    0         0      
       autoinit.c.obj                 68     0         0      
       boot_cortex_m.c.obj            56     0         0      
       copy_zero_init.c.obj           18     0         0      
       copy_decompress_none.c.obj     14     0         0      
       exit.c.obj                     4      0         0      
       pre_init.c.obj                 4      0         0      
    +--+------------------------------+------+---------+---------+
       Total:                         424    0         0      
                                                              
       Stack:                         0      0         1024   
       Linker Generated:              0      43        0      
    +--+------------------------------+------+---------+---------+
       Grand Total:                   2938   1757      1682   


LINKER GENERATED COPY TABLES

__TI_cinit_table @ 00001258 records: 2, size/record: 8, table size: 16
	.bss: load addr=00001248, load size=00000008 bytes, run addr=20000000, run size=00000145 bytes, compression=zero_init
	.data: load addr=00001250, load size=00000007 bytes, run addr=20000148, run size=00000004 bytes, compression=lzss


LINKER GENERATED HANDLER TABLE

__TI_handler_table @ 00001238 records: 3, size/record: 4, table size: 12
	index: 0, handler: __TI_decompress_lzss
	index: 1, handler: __TI_decompress_none
	index: 2, handler: __TI_zero_init


GLOBAL SYMBOLS: SORTED ALPHABETICALLY BY Name 

address   name                          
-------   ----                          
0000060f  ADC14_IRQHandler              
0000060f  AES256_IRQHandler             
0000060f  BusFault_Handler              
00000c63  C$$EXIT                       
0000060f  COMP_E0_IRQHandler            
0000060f  COMP_E1_IRQHandler            
0000060f  CS_IRQHandler                 
00000bcd  CS_setDCOCenteredFrequency    
0000060f  DMA_ERR_IRQHandler            
0000060f  DMA_INT0_IRQHandler           
0000060f  DMA_INT1_IRQHandler           
0000060f  DMA_INT2_IRQHandler           
0000060f  DMA_INT3_IRQHandler           
0000060f  DebugMon_Handler              
0000060f  Default_Handler               
00000b0d  EUSCIA0_IRQHandler            
00000b0d  EUSCIA0_IRQHandler            
0000060f  EUSCIA1_IRQHandler            
0000060f  EUSCIA2_IRQHandler            
0000060f  EUSCIA3_IRQHandler            
0000060f  EUSCIB0_IRQHandler            
0000060f  EUSCIB1_IRQHandler            
0000060f  EUSCIB2_IRQHandler            
0000060f  EUSCIB3_IRQHandler            
0000060f  FLCTL_IRQHandler              
0000060f  FPU_IRQHandler                
0000060f  HardFault_Handler             
0000060f  MemManage_Handler             
0000060f  NMI_Handler                   
0000060f  PCM_IRQHandler                
0000060f  PORT1_IRQHandler              
0000060f  PORT2_IRQHandler              
0000060f  PORT3_IRQHandler              
0000060f  PORT4_IRQHandler              
0000060f  PORT5_IRQHandler              
0000060f  PORT6_IRQHandler              
0000060f  PSS_IRQHandler                
0000060f  PendSV_Handler                
0000060f  RTC_C_IRQHandler              
00000c4d  Reset_Handler                 
0000060f  SVC_Handler                   
0000060f  SysTick_Handler               
00000a2d  SystemInit                    
0000060f  T32_INT1_IRQHandler           
0000060f  T32_INT2_IRQHandler           
0000060f  T32_INTC_IRQHandler           
0000060f  TA0_0_IRQHandler              
0000060f  TA0_N_IRQHandler              
0000060f  TA1_0_IRQHandler              
0000060f  TA1_N_IRQHandler              
0000060f  TA2_0_IRQHandler              
0000060f  TA2_N_IRQHandler              
0000060f  TA3_0_IRQHandler              
0000060f  TA3_N_IRQHandler              
00000bf1  UART_transmitData             
0000060f  UsageFault_Handler            
4000480c  WDTCTL_SYM                    
0000060f  WDT_A_IRQHandler              
00000c15  WDT_A_holdTimer               
000006f9  _Q12cos                       
00000521  _Q12div                       
00000c59  _Q12mpy                       
000007d9  _Q12sin                       
00000c68  _Q16div_coeffs                
00000e68  _Q16sqrt_coeffs               
000011c0  _QNCos2Lookup                 
000010e8  _QNCosLookup                  
00001154  _QNSinLookup                  
000008b9  _Qmag                         
20010000  __STACK_END                   
00000200  __STACK_SIZE                  
00001258  __TI_CINIT_Base               
00001268  __TI_CINIT_Limit              
00001238  __TI_Handler_Table_Base       
00001244  __TI_Handler_Table_Limit      
00000b51  __TI_auto_init_nobinit_nopinit
00000aa5  __TI_decompress_lzss          
00000c3f  __TI_decompress_none          
ffffffff  __TI_pprof_out_hndl           
ffffffff  __TI_prof_data_size           
ffffffff  __TI_prof_data_start          
00000000  __TI_static_base__            
00000c2d  __TI_zero_init_nomemset       
00000991  __aeabi_memcpy                
00000991  __aeabi_memcpy4               
00000991  __aeabi_memcpy8               
ffffffff  __binit__                     
ffffffff  __c_args__                    
UNDEFED   __mpu_init                    
2000fe00  __stack                       
00000b95  _c_int00_noargs               
UNDEFED   _system_post_cinit            
0000051d  _system_pre_init              
00000c63  abort                         
ffffffff  binit                         
20000148  bytes                         
00000611  cBitReverse                   
00000349  cFFT                          
20000140  information_bytes             
00000000  interruptVectors              
000000e9  main                          
00000991  memcpy                        
20000144  msg                           
20000000  qInput                        
20000100  qMag                          
00001224  signals                       
00001200  uartConfig                    
00000fe8  ui8BitRevLUT                  


GLOBAL SYMBOLS: SORTED BY Symbol Address 

address   name                          
-------   ----                          
00000000  __TI_static_base__            
00000000  interruptVectors              
000000e9  main                          
00000200  __STACK_SIZE                  
00000349  cFFT                          
0000051d  _system_pre_init              
00000521  _Q12div                       
0000060f  ADC14_IRQHandler              
0000060f  AES256_IRQHandler             
0000060f  BusFault_Handler              
0000060f  COMP_E0_IRQHandler            
0000060f  COMP_E1_IRQHandler            
0000060f  CS_IRQHandler                 
0000060f  DMA_ERR_IRQHandler            
0000060f  DMA_INT0_IRQHandler           
0000060f  DMA_INT1_IRQHandler           
0000060f  DMA_INT2_IRQHandler           
0000060f  DMA_INT3_IRQHandler           
0000060f  DebugMon_Handler              
0000060f  Default_Handler               
0000060f  EUSCIA1_IRQHandler            
0000060f  EUSCIA2_IRQHandler            
0000060f  EUSCIA3_IRQHandler            
0000060f  EUSCIB0_IRQHandler            
0000060f  EUSCIB1_IRQHandler            
0000060f  EUSCIB2_IRQHandler            
0000060f  EUSCIB3_IRQHandler            
0000060f  FLCTL_IRQHandler              
0000060f  FPU_IRQHandler                
0000060f  HardFault_Handler             
0000060f  MemManage_Handler             
0000060f  NMI_Handler                   
0000060f  PCM_IRQHandler                
0000060f  PORT1_IRQHandler              
0000060f  PORT2_IRQHandler              
0000060f  PORT3_IRQHandler              
0000060f  PORT4_IRQHandler              
0000060f  PORT5_IRQHandler              
0000060f  PORT6_IRQHandler              
0000060f  PSS_IRQHandler                
0000060f  PendSV_Handler                
0000060f  RTC_C_IRQHandler              
0000060f  SVC_Handler                   
0000060f  SysTick_Handler               
0000060f  T32_INT1_IRQHandler           
0000060f  T32_INT2_IRQHandler           
0000060f  T32_INTC_IRQHandler           
0000060f  TA0_0_IRQHandler              
0000060f  TA0_N_IRQHandler              
0000060f  TA1_0_IRQHandler              
0000060f  TA1_N_IRQHandler              
0000060f  TA2_0_IRQHandler              
0000060f  TA2_N_IRQHandler              
0000060f  TA3_0_IRQHandler              
0000060f  TA3_N_IRQHandler              
0000060f  UsageFault_Handler            
0000060f  WDT_A_IRQHandler              
00000611  cBitReverse                   
000006f9  _Q12cos                       
000007d9  _Q12sin                       
000008b9  _Qmag                         
00000991  __aeabi_memcpy                
00000991  __aeabi_memcpy4               
00000991  __aeabi_memcpy8               
00000991  memcpy                        
00000a2d  SystemInit                    
00000aa5  __TI_decompress_lzss          
00000b0d  EUSCIA0_IRQHandler            
00000b0d  EUSCIA0_IRQHandler            
00000b51  __TI_auto_init_nobinit_nopinit
00000b95  _c_int00_noargs               
00000bcd  CS_setDCOCenteredFrequency    
00000bf1  UART_transmitData             
00000c15  WDT_A_holdTimer               
00000c2d  __TI_zero_init_nomemset       
00000c3f  __TI_decompress_none          
00000c4d  Reset_Handler                 
00000c59  _Q12mpy                       
00000c63  C$$EXIT                       
00000c63  abort                         
00000c68  _Q16div_coeffs                
00000e68  _Q16sqrt_coeffs               
00000fe8  ui8BitRevLUT                  
000010e8  _QNCosLookup                  
00001154  _QNSinLookup                  
000011c0  _QNCos2Lookup                 
00001200  uartConfig                    
00001224  signals                       
00001238  __TI_Handler_Table_Base       
00001244  __TI_Handler_Table_Limit      
00001258  __TI_CINIT_Base               
00001268  __TI_CINIT_Limit              
20000000  qInput                        
20000100  qMag                          
20000140  information_bytes             
20000144  msg                           
20000148  bytes                         
2000fe00  __stack                       
20010000  __STACK_END                   
4000480c  WDTCTL_SYM                    
ffffffff  __TI_pprof_out_hndl           
ffffffff  __TI_prof_data_size           
ffffffff  __TI_prof_data_start          
ffffffff  __binit__                     
ffffffff  __c_args__                    
ffffffff  binit                         
UNDEFED   __mpu_init                    
UNDEFED   _system_post_cinit            

[108 symbols]
